Component: ARM Compiler 5.06 update 1 (build 61) Tool: armlink [4d35a8]

==============================================================================

Section Cross References

    clock.o(i.Clock_Time) refers to stm32l4xx_hal.o(i.HAL_GetTick) for HAL_GetTick
    clock.o(i.Clock_Wait) refers to main.o(i.HAL_Delay) for HAL_Delay
    hwadvancefeatures.o(i.DisableHWDoubleTap) refers to sensortile_accelero.o(i.BSP_ACCELERO_Disable_Double_Tap_Detection_Ext) for BSP_ACCELERO_Disable_Double_Tap_Detection_Ext
    hwadvancefeatures.o(i.DisableHWDoubleTap) refers to sensortile_accelero.o(i.BSP_ACCELERO_Set_ODR_Value) for BSP_ACCELERO_Set_ODR_Value
    hwadvancefeatures.o(i.DisableHWDoubleTap) refers to targetplatform.o(.bss) for TargetBoardFeatures
    hwadvancefeatures.o(i.DisableHWDoubleTap) refers to hwadvancefeatures.o(.data) for .data
    hwadvancefeatures.o(i.DisableHWFeatures) refers to sensortile_accelero.o(i.BSP_ACCELERO_Disable_Pedometer_Ext) for BSP_ACCELERO_Disable_Pedometer_Ext
    hwadvancefeatures.o(i.DisableHWFeatures) refers to sensortile_accelero.o(i.BSP_ACCELERO_Set_ODR_Value) for BSP_ACCELERO_Set_ODR_Value
    hwadvancefeatures.o(i.DisableHWFeatures) refers to sensortile_accelero.o(i.BSP_ACCELERO_Disable_Free_Fall_Detection_Ext) for BSP_ACCELERO_Disable_Free_Fall_Detection_Ext
    hwadvancefeatures.o(i.DisableHWFeatures) refers to sensortile_accelero.o(i.BSP_ACCELERO_Disable_Double_Tap_Detection_Ext) for BSP_ACCELERO_Disable_Double_Tap_Detection_Ext
    hwadvancefeatures.o(i.DisableHWFeatures) refers to sensortile_accelero.o(i.BSP_ACCELERO_Disable_Single_Tap_Detection_Ext) for BSP_ACCELERO_Disable_Single_Tap_Detection_Ext
    hwadvancefeatures.o(i.DisableHWFeatures) refers to sensortile_accelero.o(i.BSP_ACCELERO_Disable_Wake_Up_Detection_Ext) for BSP_ACCELERO_Disable_Wake_Up_Detection_Ext
    hwadvancefeatures.o(i.DisableHWFeatures) refers to sensortile_accelero.o(i.BSP_ACCELERO_Disable_Tilt_Detection_Ext) for BSP_ACCELERO_Disable_Tilt_Detection_Ext
    hwadvancefeatures.o(i.DisableHWFeatures) refers to sensortile_accelero.o(i.BSP_ACCELERO_Disable_6D_Orientation_Ext) for BSP_ACCELERO_Disable_6D_Orientation_Ext
    hwadvancefeatures.o(i.DisableHWFeatures) refers to hwadvancefeatures.o(.data) for .data
    hwadvancefeatures.o(i.DisableHWFeatures) refers to targetplatform.o(.bss) for TargetBoardFeatures
    hwadvancefeatures.o(i.DisableHWFreeFall) refers to sensortile_accelero.o(i.BSP_ACCELERO_Disable_Free_Fall_Detection_Ext) for BSP_ACCELERO_Disable_Free_Fall_Detection_Ext
    hwadvancefeatures.o(i.DisableHWFreeFall) refers to sensortile_accelero.o(i.BSP_ACCELERO_Set_ODR_Value) for BSP_ACCELERO_Set_ODR_Value
    hwadvancefeatures.o(i.DisableHWFreeFall) refers to targetplatform.o(.bss) for TargetBoardFeatures
    hwadvancefeatures.o(i.DisableHWFreeFall) refers to hwadvancefeatures.o(.data) for .data
    hwadvancefeatures.o(i.DisableHWOrientation6D) refers to sensortile_accelero.o(i.BSP_ACCELERO_Disable_6D_Orientation_Ext) for BSP_ACCELERO_Disable_6D_Orientation_Ext
    hwadvancefeatures.o(i.DisableHWOrientation6D) refers to sensortile_accelero.o(i.BSP_ACCELERO_Set_ODR_Value) for BSP_ACCELERO_Set_ODR_Value
    hwadvancefeatures.o(i.DisableHWOrientation6D) refers to targetplatform.o(.bss) for TargetBoardFeatures
    hwadvancefeatures.o(i.DisableHWOrientation6D) refers to hwadvancefeatures.o(.data) for .data
    hwadvancefeatures.o(i.DisableHWPedometer) refers to sensortile_accelero.o(i.BSP_ACCELERO_Disable_Pedometer_Ext) for BSP_ACCELERO_Disable_Pedometer_Ext
    hwadvancefeatures.o(i.DisableHWPedometer) refers to sensortile_accelero.o(i.BSP_ACCELERO_Set_ODR_Value) for BSP_ACCELERO_Set_ODR_Value
    hwadvancefeatures.o(i.DisableHWPedometer) refers to targetplatform.o(.bss) for TargetBoardFeatures
    hwadvancefeatures.o(i.DisableHWPedometer) refers to hwadvancefeatures.o(.data) for .data
    hwadvancefeatures.o(i.DisableHWSingleTap) refers to sensortile_accelero.o(i.BSP_ACCELERO_Disable_Single_Tap_Detection_Ext) for BSP_ACCELERO_Disable_Single_Tap_Detection_Ext
    hwadvancefeatures.o(i.DisableHWSingleTap) refers to sensortile_accelero.o(i.BSP_ACCELERO_Set_ODR_Value) for BSP_ACCELERO_Set_ODR_Value
    hwadvancefeatures.o(i.DisableHWSingleTap) refers to targetplatform.o(.bss) for TargetBoardFeatures
    hwadvancefeatures.o(i.DisableHWSingleTap) refers to hwadvancefeatures.o(.data) for .data
    hwadvancefeatures.o(i.DisableHWTilt) refers to sensortile_accelero.o(i.BSP_ACCELERO_Disable_Tilt_Detection_Ext) for BSP_ACCELERO_Disable_Tilt_Detection_Ext
    hwadvancefeatures.o(i.DisableHWTilt) refers to sensortile_accelero.o(i.BSP_ACCELERO_Set_ODR_Value) for BSP_ACCELERO_Set_ODR_Value
    hwadvancefeatures.o(i.DisableHWTilt) refers to targetplatform.o(.bss) for TargetBoardFeatures
    hwadvancefeatures.o(i.DisableHWTilt) refers to hwadvancefeatures.o(.data) for .data
[...]
    TimEnvHandle                             0x20001ec0   Data          60  main.o(.bss)
    osx_mar_license                          0x20001efc   Data          48  motionar_manager.o(.bss)
    osx_mcp_license                          0x20001f2c   Data          48  motioncp_manager.o(.bss)
    osx_mfx_license                          0x20001f5c   Data          48  motionfx_manager.o(.bss)
    iDataOUT                                 0x20001f8c   Data         112  motionfx_manager.o(.bss)
    iDataIN                                  0x20001ffc   Data          36  motionfx_manager.o(.bss)
    osx_mgr_license                          0x2000205c   Data          48  motiongr_manager.o(.bss)
    TargetBoardFeatures                      0x200020b4   Data          64  targetplatform.o(.bss)
    osx_mpm_license                          0x200020f4   Data          48  motionpm_manager.o(.bss)
    pFlash                                   0x200023e0   Data          28  stm32l4xx_hal_flash.o(.bss)
    SpiHandle                                0x20002544   Data         100  sensortile_bluenrg.o(.bss)
    actualCal                                0x20002c48   Data          24  osx_motion_fx.o(.bss)
    iNemoEngine_DataIn_9X                    0x20002c60   Data         248  osx_motion_fx.o(.bss)
    osxMFX_knobs_9X                          0x20002d58   Data          84  osx_motion_fx.o(.bss)
    osxMFX_output_9X                         0x20002dac   Data         252  osx_motion_fx.o(.bss)
    iNemoEngine_DataIn_6X                    0x20002ea8   Data         248  osx_motion_fx.o(.bss)
    osxMFX_knobs_6X                          0x20002fa0   Data          84  osx_motion_fx.o(.bss)
    osxMFX_output_6X                         0x20002ff4   Data         252  osx_motion_fx.o(.bss)
    rotAcc6X                                 0x2000310b   Data           9  osx_motion_fx.o(.bss)
    rotMag6X                                 0x20003114   Data           9  osx_motion_fx.o(.bss)
    rotGyro6X                                0x2000311d   Data           9  osx_motion_fx.o(.bss)
    eml_kalman_v_cpy                         0x20003128   Data          48  osx_motion_fx.o(.bss)
    eml_mag_cpy                              0x20003158   Data          12  osx_motion_fx.o(.bss)
    stepDetectionModule                      0x20006868   Data        3688  osx_motion_pm.o(.bss)
    __initial_sp                             0x2000f778   Data           0  startup_stm32l476xx.o(STACK)



==============================================================================

Memory Map of the image

  Image Entry point : 0x08004189

  Load Region LR_IROM1 (Base: 0x08004000, Size: 0x00020ea0, Max: 0x00040000, ABSOLUTE, COMPRESSED[0x0001f780])

    Execution Region ER_IROM1 (Base: 0x08004000, Size: 0x0001f340, Max: 0x00040000, ABSOLUTE)

    Base Addr    Size         Type   Attr      Idx    E Section Name        Object

    0x08004000   0x00000188   Data   RO         1337    RESET               startup_stm32l476xx.o
    0x08004188   0x00000000   Code   RO        12877  * .ARM.Collect$$$$00000000  mc_w.l(entry.o)
    0x08004188   0x00000004   Code   RO        13221    .ARM.Collect$$$$00000001  mc_w.l(entry2.o)
    0x0800418c   0x00000004   Code   RO        13224    .ARM.Collect$$$$00000004  mc_w.l(entry5.o)
    0x08004190   0x00000000   Code   RO        13226    .ARM.Collect$$$$00000008  mc_w.l(entry7b.o)
    0x08004190   0x00000000   Code   RO        13228    .ARM.Collect$$$$0000000A  mc_w.l(entry8b.o)
    0x08004190   0x00000008   Code   RO        13229    .ARM.Collect$$$$0000000B  mc_w.l(entry9a.o)
    0x08004198   0x00000000   Code   RO        13231    .ARM.Collect$$$$0000000D  mc_w.l(entry10a.o)
    0x08004198   0x00000000   Code   RO        13233    .ARM.Collect$$$$0000000F  mc_w.l(entry11a.o)
    0x08004198   0x00000004   Code   RO        13222    .ARM.Collect$$$$00002712  mc_w.l(entry2.o)
    0x0800419c   0x00000024   Code   RO         1338    .text               startup_stm32l476xx.o
    0x080041c0   0x00008acc   Code   RO        12762    .text               osxMotionFX107_CM4_Keil_ot.lib(osx_motion_fx.o)
    0x0800cc8c   0x000017ae   Code   RO        12771    .text               osxMotionAR120_CM4F_keil_ot.lib(osx_motion_ar.o)
    0x0800e43a   0x00000002   PAD
    0x0800e43c   0x00000eb0   Code   RO        12776    .text               osxMotionCP100_CM4F_Keil_ot.lib(osx_motion_cp.o)
    0x0800f2ec   0x000018e2   Code   RO        12781    .text               osxMotionGR100_CM4F_Keil_ot.lib(osx_motion_gr.o)
    0x08010bce   0x00000002   PAD
    0x08010bd0   0x00001782   Code   RO        12786    .text               osxMotionPM100_CM4F_Keil_ot.lib(osx_motion_pm.o)
    0x08012352   0x00000002   PAD
    0x08012354   0x000002e4   Code   RO        12791    .text               osxMotionFX107_CM4_Keil_ot.lib(osxLibraryLocker100_CM4F_Keil.o)
    0x08012638   0x00000068   Code   RO        12880    .text               mc_w.l(uldiv.o)
    0x080126a0   0x00000062   Code   RO        12882    .text               mc_w.l(ldiv.o)
    0x08012702   0x00000002   PAD
    0x08012704   0x00000024   Code   RO        12884    .text               mc_w.l(rand.o)
    0x08012728   0x00000042   Code   RO        12891    .text               mc_w.l(memmove.o)
    0x0801276a   0x00000024   Code   RO        12897    .text               mc_w.l(memseta.o)
    0x0801278e   0x0000000e   Code   RO        12899    .text               mc_w.l(strlen.o)
    0x0801279c   0x00000012   Code   RO        12903    .text               mc_w.l(strcpy.o)
    0x080127ae   0x0000001e   Code   RO        12905    .text               mc_w.l(strncmp.o)
    0x080127cc   0x0000001a   Code   RO        13176    .text               mc_w.l(atoi.o)
    0x080127e6   0x0000015e   Code   RO        13178    .text               mf_w.l(dadd.o)
    0x08012944   0x000000ea   Code   RO        13180    .text               mf_w.l(dmul.o)
    0x08012a2e   0x000000de   Code   RO        13182    .text               mf_w.l(ddiv.o)
    0x08012b0c   0x00000022   Code   RO        13186    .text               mf_w.l(dflti.o)
    0x08012b2e   0x0000001a   Code   RO        13188    .text               mf_w.l(dfltui.o)
    0x08012b48   0x0000003e   Code   RO        13190    .text               mf_w.l(dfixi.o)
    0x08012b86   0x00000032   Code   RO        13192    .text               mf_w.l(dfixui.o)
    0x08012bb8   0x00000026   Code   RO        13194    .text               mf_w.l(f2d.o)
    0x08012bde   0x00000002   PAD
    0x08012be0   0x00000030   Code   RO        13196    .text               mf_w.l(cdcmple.o)
    0x08012c10   0x00000030   Code   RO        13198    .text               mf_w.l(cdrcmple.o)
    0x08012c40   0x00000038   Code   RO        13200    .text               mf_w.l(d2f.o)
    0x08012c78   0x0000001e   Code   RO        13240    .text               mc_w.l(llshl.o)
    0x08012c96   0x00000020   Code   RO        13242    .text               mc_w.l(llushr.o)
    0x08012cb6   0x00000024   Code   RO        13244    .text               mc_w.l(llsshr.o)
    0x08012cda   0x00000070   Code   RO        13253    .text               mc_w.l(strtol.o)
    0x08012d4a   0x00000000   Code   RO        13255    .text               mc_w.l(iusefp.o)
    0x08012d4a   0x0000006e   Code   RO        13256    .text               mf_w.l(fepilogue.o)
    0x08012db8   0x000000ba   Code   RO        13258    .text               mf_w.l(depilogue.o)
    0x08012e72   0x0000002e   Code   RO        13260    .text               mf_w.l(dscalb.o)
    0x08012ea0   0x000000a2   Code   RO        13262    .text               mf_w.l(dsqrt.o)
    0x08012f42   0x00000060   Code   RO        13266    .text               mf_w.l(dcmp4.o)
    0x08012fa2   0x00000002   PAD
    0x08012fa4   0x00000024   Code   RO        13268    .text               mc_w.l(init.o)
    0x08012fc8   0x00000000   Code   RO        13270    .text               mc_w.l(semi.o)
    0x08012fc8   0x00000008   Code   RO        13271    .text               mc_w.l(ctype_o.o)
    0x08012fd0   0x000000a4   Code   RO        13299    .text               mc_w.l(_strtoul.o)
    0x08013074   0x00000000   Code   RO        13301    .text               mc_w.l(iusesemip.o)
    0x08013074   0x0000001c   Code   RO        13302    .text               mc_w.l(_chval.o)
    0x08013090   0x00000056   Code   RO        13312    .text               mc_w.l(__dczerorl2.o)
    0x080130e6   0x00000002   PAD
    0x080130e8   0x00000098   Code   RO          933    i.AccEvent_Notify   sensor_service.o
    0x08013180   0x00000144   Code   RO          934    i.AccGyroMag_Update  sensor_service.o
    0x080132c4   0x000000b0   Code   RO          935    i.AccPedo_Update    sensor_service.o
    0x08013374   0x00000168   Code   RO          469    i.ActivateAllLicenses  licensemanager.o
    0x080134dc   0x0000008c   Code   RO          936    i.ActivityRec_Update  sensor_service.o
    0x08013568   0x000000f2   Code   RO          937    i.Add_ConfigW2ST_Service  sensor_service.o
    0x0801365a   0x00000002   PAD
    0x0801365c   0x0000016a   Code   RO          938    i.Add_ConsoleW2ST_Service  sensor_service.o
    0x080137c6   0x00000002   PAD
    0x080137c8   0x000002ba   Code   RO          939    i.Add_HWServW2ST_Service  sensor_service.o
    0x08013a82   0x00000002   PAD
    0x08013a84   0x000002f2   Code   RO          940    i.Add_SWServW2ST_Service  sensor_service.o
    0x08013d76   0x00000002   PAD
    0x08013d78   0x00000694   Code   RO          941    i.Attribute_Modified_CB  sensor_service.o
    0x0801440c   0x0000003c   Code   RO        12037    i.BNRG_SPI_Init     sensortile_bluenrg.o
    0x08014448   0x00000016   Code   RO        11666    i.BSP_ACCELERO_Disable_6D_Orientation_Ext  sensortile_accelero.o
    0x0801445e   0x00000016   Code   RO        11667    i.BSP_ACCELERO_Disable_Double_Tap_Detection_Ext  sensortile_accelero.o
    0x08014474   0x00000016   Code   RO        11668    i.BSP_ACCELERO_Disable_Free_Fall_Detection_Ext  sensortile_accelero.o
    0x0801448a   0x00000016   Code   RO        11669    i.BSP_ACCELERO_Disable_Pedometer_Ext  sensortile_accelero.o
    0x080144a0   0x00000016   Code   RO        11670    i.BSP_ACCELERO_Disable_Single_Tap_Detection_Ext  sensortile_accelero.o
    0x080144b6   0x00000016   Code   RO        11671    i.BSP_ACCELERO_Disable_Tilt_Detection_Ext  sensortile_accelero.o
    0x080144cc   0x00000016   Code   RO        11672    i.BSP_ACCELERO_Disable_Wake_Up_Detection_Ext  sensortile_accelero.o
    0x080144e2   0x00000016   Code   RO        11673    i.BSP_ACCELERO_Enable_6D_Orientation_Ext  sensortile_accelero.o
    0x080144f8   0x00000016   Code   RO        11674    i.BSP_ACCELERO_Enable_Double_Tap_Detection_Ext  sensortile_accelero.o
    0x0801450e   0x00000016   Code   RO        11675    i.BSP_ACCELERO_Enable_Free_Fall_Detection_Ext  sensortile_accelero.o
    0x08014524   0x00000016   Code   RO        11676    i.BSP_ACCELERO_Enable_Pedometer_Ext  sensortile_accelero.o
    0x0801453a   0x00000016   Code   RO        11677    i.BSP_ACCELERO_Enable_Single_Tap_Detection_Ext  sensortile_accelero.o
    0x08014550   0x00000016   Code   RO        11678    i.BSP_ACCELERO_Enable_Tilt_Detection_Ext  sensortile_accelero.o
    0x08014566   0x00000016   Code   RO        11679    i.BSP_ACCELERO_Enable_Wake_Up_Detection_Ext  sensortile_accelero.o
    0x0801457c   0x00000018   Code   RO        11680    i.BSP_ACCELERO_Get_6D_Orientation_Status_Ext  sensortile_accelero.o
    0x08014594   0x0000001a   Code   RO        11681    i.BSP_ACCELERO_Get_6D_Orientation_XH_Ext  sensortile_accelero.o
    0x080145ae   0x00000018   Code   RO        11682    i.BSP_ACCELERO_Get_6D_Orientation_XL_Ext  sensortile_accelero.o
    0x080145c6   0x0000001a   Code   RO        11683    i.BSP_ACCELERO_Get_6D_Orientation_YH_Ext  sensortile_accelero.o
    0x080145e0   0x0000001a   Code   RO        11684    i.BSP_ACCELERO_Get_6D_Orientation_YL_Ext  sensortile_accelero.o
    0x080145fa   0x0000001a   Code   RO        11685    i.BSP_ACCELERO_Get_6D_Orientation_ZH_Ext  sensortile_accelero.o
    0x08014614   0x0000001a   Code   RO        11686    i.BSP_ACCELERO_Get_6D_Orientation_ZL_Ext  sensortile_accelero.o
    0x0801462e   0x0000001a   Code   RO        11687    i.BSP_ACCELERO_Get_Axes  sensortile_accelero.o
    0x08014648   0x0000001a   Code   RO        11688    i.BSP_ACCELERO_Get_AxesRaw  sensortile_accelero.o
    0x08014662   0x00000018   Code   RO        11690    i.BSP_ACCELERO_Get_Double_Tap_Detection_Status_Ext  sensortile_accelero.o
    0x0801467a   0x00000018   Code   RO        11692    i.BSP_ACCELERO_Get_Free_Fall_Detection_Status_Ext  sensortile_accelero.o
    0x08014692   0x0000001a   Code   RO        11694    i.BSP_ACCELERO_Get_ODR  sensortile_accelero.o
    0x080146ac   0x00000018   Code   RO        11695    i.BSP_ACCELERO_Get_Pedometer_Status_Ext  sensortile_accelero.o
    0x080146c4   0x0000001a   Code   RO        11696    i.BSP_ACCELERO_Get_Sensitivity  sensortile_accelero.o
    0x080146de   0x00000018   Code   RO        11697    i.BSP_ACCELERO_Get_Single_Tap_Detection_Status_Ext  sensortile_accelero.o
    0x080146f6   0x00000018   Code   RO        11698    i.BSP_ACCELERO_Get_Step_Count_Ext  sensortile_accelero.o
    0x0801470e   0x00000018   Code   RO        11699    i.BSP_ACCELERO_Get_Tilt_Detection_Status_Ext  sensortile_accelero.o
    0x08014726   0x00000018   Code   RO        11700    i.BSP_ACCELERO_Get_Wake_Up_Detection_Status_Ext  sensortile_accelero.o
    0x0801473e   0x0000003c   Code   RO        11702    i.BSP_ACCELERO_Init  sensortile_accelero.o
    0x0801477a   0x0000003c   Code   RO        11706    i.BSP_ACCELERO_Reset_Step_Counter_Ext  sensortile_accelero.o
    0x080147b6   0x00000018   Code   RO        11708    i.BSP_ACCELERO_Sensor_Enable  sensortile_accelero.o
    0x080147ce   0x00000018   Code   RO        11711    i.BSP_ACCELERO_Set_FS_Value  sensortile_accelero.o
    0x080147e6   0x00000016   Code   RO        11712    i.BSP_ACCELERO_Set_Free_Fall_Threshold_Ext  sensortile_accelero.o
    0x080147fc   0x00000018   Code   RO        11714    i.BSP_ACCELERO_Set_ODR_Value  sensortile_accelero.o
    0x08014814   0x00000016   Code   RO        11719    i.BSP_ACCELERO_Set_Tap_Threshold_Ext  sensortile_accelero.o
    0x0801482a   0x0000001a   Code   RO        12140    i.BSP_GYRO_Get_Axes  sensortile_gyro.o
    0x08014844   0x00000022   Code   RO        12148    i.BSP_GYRO_Init     sensortile_gyro.o
    0x08014866   0x00000018   Code   RO        12153    i.BSP_GYRO_Sensor_Enable  sensortile_gyro.o
    0x0801487e   0x00000002   PAD
    0x08014880   0x00000084   Code   RO        12290    i.BSP_HTS221_HUMIDITY_Init  sensortile_humidity.o
    0x08014904   0x0000008c   Code   RO        12650    i.BSP_HTS221_TEMPERATURE_Init  sensortile_temperature.o
    0x08014990   0x0000001a   Code   RO        12293    i.BSP_HUMIDITY_Get_Hum  sensortile_humidity.o
    0x080149aa   0x00000022   Code   RO        12297    i.BSP_HUMIDITY_Init  sensortile_humidity.o
    0x080149cc   0x00000010   Code   RO        12300    i.BSP_HUMIDITY_IsInitialized  sensortile_humidity.o
    0x080149dc   0x00000018   Code   RO        12302    i.BSP_HUMIDITY_Sensor_Enable  sensortile_humidity.o
    0x080149f4   0x00000074   Code   RO        11463    i.BSP_LED_Init      sensortile.o
    0x08014a68   0x0000002c   Code   RO        11464    i.BSP_LED_Off       sensortile.o
    0x08014a94   0x0000002c   Code   RO        11465    i.BSP_LED_On        sensortile.o
    0x08014ac0   0x000000c8   Code   RO        12540    i.BSP_LPS22HB_PRESSURE_Init  sensortile_pressure.o
    0x08014b88   0x000000cc   Code   RO        12651    i.BSP_LPS22HB_TEMPERATURE_Init  sensortile_temperature.o
    0x08014c54   0x000000a4   Code   RO        11721    i.BSP_LSM303AGR_ACCELERO_Init  sensortile_accelero.o
    0x08014cf8   0x0000009c   Code   RO        12400    i.BSP_LSM303AGR_MAGNETO_Init  sensortile_magneto.o
    0x08014d94   0x000000a8   Code   RO        11722    i.BSP_LSM6DSM_ACCELERO_Init  sensortile_accelero.o
    0x08014e3c   0x0000009c   Code   RO        12159    i.BSP_LSM6DSM_GYRO_Init  sensortile_gyro.o
    0x08014ed8   0x0000001a   Code   RO        12403    i.BSP_MAGNETO_Get_Axes  sensortile_magneto.o
    0x08014ef2   0x00000022   Code   RO        12410    i.BSP_MAGNETO_Init  sensortile_magneto.o
    0x08014f14   0x00000018   Code   RO        12415    i.BSP_MAGNETO_Sensor_Enable  sensortile_magneto.o
    0x08014f2c   0x0000001a   Code   RO        12545    i.BSP_PRESSURE_Get_Press  sensortile_pressure.o
    0x08014f46   0x00000022   Code   RO        12547    i.BSP_PRESSURE_Init  sensortile_pressure.o
    0x08014f68   0x00000010   Code   RO        12550    i.BSP_PRESSURE_IsInitialized  sensortile_pressure.o
    0x08014f78   0x00000018   Code   RO        12552    i.BSP_PRESSURE_Sensor_Enable  sensortile_pressure.o
    0x08014f90   0x0000001a   Code   RO        12656    i.BSP_TEMPERATURE_Get_Temp  sensortile_temperature.o
    0x08014faa   0x0000003c   Code   RO        12658    i.BSP_TEMPERATURE_Init  sensortile_temperature.o
    0x08014fe6   0x00000010   Code   RO        12661    i.BSP_TEMPERATURE_IsInitialized  sensortile_temperature.o
    0x08014ff6   0x00000018   Code   RO        12663    i.BSP_TEMPERATURE_Sensor_Enable  sensortile_temperature.o
    0x0801500e   0x00000002   PAD
    0x08015010   0x00000018   Code   RO        12038    i.BlueNRG_DataPresent  sensortile_bluenrg.o
    0x08015028   0x0000002c   Code   RO        12040    i.BlueNRG_RST       sensortile_bluenrg.o
    0x08015054   0x000000a0   Code   RO        12041    i.BlueNRG_SPI_Read_All  sensortile_bluenrg.o
    0x080150f4   0x000000d2   Code   RO        12042    i.BlueNRG_SPI_Write  sensortile_bluenrg.o
    0x080151c6   0x00000002   Code   RO         1140    i.BusFault_Handler  stm32l4xx_it.o
    0x080151c8   0x00000082   Code   RO         3187    i.CRC_Handle_8      stm32l4xx_hal_crc.o
    0x0801524a   0x00000002   PAD
    0x0801524c   0x000000b0   Code   RO          942    i.Calib_Notify      sensor_service.o
    0x080152fc   0x0000008c   Code   RO          943    i.CarryPosRec_Update  sensor_service.o
    0x08015388   0x0000000c   Code   RO        12043    i.Clear_SPI_EXTI_Flag  sensortile_bluenrg.o
    0x08015394   0x00000004   Code   RO            5    i.Clock_Time        clock.o
    0x08015398   0x000003ac   Code   RO          944    i.ConfigCommandParsing  sensor_service.o
    0x08015744   0x000000ac   Code   RO          945    i.Config_Notify     sensor_service.o
    0x080157f0   0x00000568   Code   RO          946    i.DebugConsoleCommandParsing  sensor_service.o
    0x08015d58   0x00000002   Code   RO         1141    i.DebugMon_Handler  stm32l4xx_it.o
    0x08015d5a   0x00000002   PAD
    0x08015d5c   0x00000038   Code   RO          318    i.DisableHWDoubleTap  hwadvancefeatures.o
    0x08015d94   0x00000130   Code   RO          319    i.DisableHWFeatures  hwadvancefeatures.o
    0x08015ec4   0x00000038   Code   RO          320    i.DisableHWFreeFall  hwadvancefeatures.o
    0x08015efc   0x00000038   Code   RO          321    i.DisableHWOrientation6D  hwadvancefeatures.o
    0x08015f34   0x00000038   Code   RO          322    i.DisableHWPedometer  hwadvancefeatures.o
    0x08015f6c   0x00000038   Code   RO          323    i.DisableHWSingleTap  hwadvancefeatures.o
    0x08015fa4   0x00000038   Code   RO          324    i.DisableHWTilt     hwadvancefeatures.o
    0x08015fdc   0x00000038   Code   RO          325    i.DisableHWWakeUp   hwadvancefeatures.o
    0x08016014   0x00000006   Code   RO        12045    i.Disable_SPI_IRQ   sensortile_bluenrg.o
    0x0801601a   0x00000006   Code   RO         1142    i.EXTI2_IRQHandler  stm32l4xx_it.o
    0x08016020   0x00000006   Code   RO         1143    i.EXTI9_5_IRQHandler  stm32l4xx_it.o
    0x08016026   0x00000002   PAD
    0x08016028   0x00000038   Code   RO          326    i.EnableHWDoubleTap  hwadvancefeatures.o
    0x08016060   0x00000038   Code   RO          327    i.EnableHWFreeFall  hwadvancefeatures.o
    0x08016098   0x0000002c   Code   RO          328    i.EnableHWOrientation6D  hwadvancefeatures.o
    0x080160c4   0x0000002c   Code   RO          329    i.EnableHWPedometer  hwadvancefeatures.o
    0x080160f0   0x0000002c   Code   RO          330    i.EnableHWSingleTap  hwadvancefeatures.o
    0x0801611c   0x0000002c   Code   RO          331    i.EnableHWTilt      hwadvancefeatures.o
    0x08016148   0x0000002c   Code   RO          332    i.EnableHWWakeUp    hwadvancefeatures.o
    0x08016174   0x00000006   Code   RO        12046    i.Enable_SPI_IRQ    sensortile_bluenrg.o
    0x0801617a   0x00000002   PAD
    0x0801617c   0x000000fc   Code   RO          947    i.Environmental_Update  sensor_service.o
    0x08016278   0x00000002   Code   RO          584    i.Error_Handler     main.o
    0x0801627a   0x00000002   PAD
    0x0801627c   0x00000058   Code   RO         3458    i.FLASH_FlushCaches  stm32l4xx_hal_flash_ex.o
    0x080162d4   0x000000cc   Code   RO         3360    i.FLASH_SetErrorCode  stm32l4xx_hal_flash.o
    0x080163a0   0x000000a4   Code   RO         3361    i.FLASH_WaitForLastOperation  stm32l4xx_hal_flash.o
    0x08016444   0x0000008c   Code   RO          948    i.GestureRec_Update  sensor_service.o
    0x080164d0   0x00000054   Code   RO         1240    i.GetBank           targetplatform.o
    0x08016524   0x00000114   Code   RO          333    i.GetHWOrientation6D  hwadvancefeatures.o
    0x08016638   0x00000048   Code   RO         1241    i.GetPage           targetplatform.o
    0x08016680   0x00000020   Code   RO          334    i.GetStepHWPedometer  hwadvancefeatures.o
    0x080166a0   0x0000004e   Code   RO         3254    i.HAL_CRCEx_Polynomial_Set  stm32l4xx_hal_crc_ex.o
    0x080166ee   0x00000096   Code   RO         3189    i.HAL_CRC_Calculate  stm32l4xx_hal_crc.o
    0x08016784   0x0000002c   Code   RO         3190    i.HAL_CRC_DeInit    stm32l4xx_hal_crc.o
    0x080167b0   0x00000004   Code   RO         3191    i.HAL_CRC_GetState  stm32l4xx_hal_crc.o
    0x080167b4   0x0000007c   Code   RO         3192    i.HAL_CRC_Init      stm32l4xx_hal_crc.o
    0x08016830   0x00000018   Code   RO         1098    i.HAL_CRC_MspDeInit  stm32l4xx_hal_msp.o
    0x08016848   0x0000001c   Code   RO         1099    i.HAL_CRC_MspInit   stm32l4xx_hal_msp.o
    0x08016864   0x00000024   Code   RO          585    i.HAL_Delay         main.o
    0x08016888   0x000000fc   Code   RO         3460    i.HAL_FLASHEx_Erase  stm32l4xx_hal_flash_ex.o
    0x08016984   0x00000014   Code   RO         3365    i.HAL_FLASH_Lock    stm32l4xx_hal_flash.o
    0x08016998   0x000000ba   Code   RO         3370    i.HAL_FLASH_Program  stm32l4xx_hal_flash.o
    0x08016a52   0x00000002   PAD
    0x08016a54   0x00000028   Code   RO         3372    i.HAL_FLASH_Unlock  stm32l4xx_hal_flash.o
    0x08016a7c   0x00000020   Code   RO          586    i.HAL_GPIO_EXTI_Callback  main.o
    0x08016a9c   0x00000018   Code   RO         3513    i.HAL_GPIO_EXTI_IRQHandler  stm32l4xx_hal_gpio.o
    0x08016ab4   0x00000222   Code   RO         3514    i.HAL_GPIO_Init     stm32l4xx_hal_gpio.o
    0x08016cd6   0x0000000a   Code   RO         3516    i.HAL_GPIO_ReadPin  stm32l4xx_hal_gpio.o
    0x08016ce0   0x0000000a   Code   RO         3518    i.HAL_GPIO_WritePin  stm32l4xx_hal_gpio.o
    0x08016cea   0x00000002   PAD
    0x08016cec   0x00000008   Code   RO         2517    i.HAL_GetHalVersion  stm32l4xx_hal.o
    0x08016cf4   0x0000000c   Code   RO         2519    i.HAL_GetTick       stm32l4xx_hal.o
    0x08016d00   0x00000034   Code   RO         3578    i.HAL_I2C_DeInit    stm32l4xx_hal_i2c.o
    0x08016d34   0x00000006   Code   RO         3586    i.HAL_I2C_GetState  stm32l4xx_hal_i2c.o
    0x08016d3a   0x000000b0   Code   RO         3587    i.HAL_I2C_Init      stm32l4xx_hal_i2c.o
    0x08016dea   0x00000002   PAD
    0x08016dec   0x0000016a   Code   RO         3603    i.HAL_I2C_Mem_Read  stm32l4xx_hal_i2c.o
    0x08016f56   0x00000002   PAD
    0x08016f58   0x00000146   Code   RO         3606    i.HAL_I2C_Mem_Write  stm32l4xx_hal_i2c.o
    0x0801709e   0x00000002   Code   RO         3609    i.HAL_I2C_MspDeInit  stm32l4xx_hal_i2c.o
    0x080170a0   0x00000002   Code   RO         3610    i.HAL_I2C_MspInit   stm32l4xx_hal_i2c.o
    0x080170a2   0x00000002   PAD
    0x080170a4   0x00000010   Code   RO         2520    i.HAL_IncTick       stm32l4xx_hal.o
    0x080170b4   0x00000016   Code   RO         2521    i.HAL_Init          stm32l4xx_hal.o
    0x080170ca   0x00000002   PAD
    0x080170cc   0x00000028   Code   RO         2522    i.HAL_InitTick      stm32l4xx_hal.o
    0x080170f4   0x00000002   Code   RO         2524    i.HAL_MspInit       stm32l4xx_hal.o
    0x080170f6   0x00000018   Code   RO         3071    i.HAL_NVIC_DisableIRQ  stm32l4xx_hal_cortex.o
    0x0801710e   0x00000018   Code   RO         3072    i.HAL_NVIC_EnableIRQ  stm32l4xx_hal_cortex.o
    0x08017126   0x00000002   PAD
    0x08017128   0x00000068   Code   RO         3078    i.HAL_NVIC_SetPriority  stm32l4xx_hal_cortex.o
    0x08017190   0x00000024   Code   RO         3079    i.HAL_NVIC_SetPriorityGrouping  stm32l4xx_hal_cortex.o
    0x080171b4   0x00000024   Code   RO         3080    i.HAL_NVIC_SystemReset  stm32l4xx_hal_cortex.o
    0x080171d8   0x00000010   Code   RO         4148    i.HAL_PWREx_EnableVddIO2  stm32l4xx_hal_pwr_ex.o
    0x080171e8   0x00000010   Code   RO         4154    i.HAL_PWREx_GetVoltageRange  stm32l4xx_hal_pwr_ex.o
    0x080171f8   0x00000010   Code   RO         4015    i.HAL_PWR_EnableBkUpAccess  stm32l4xx_hal_pwr.o
    0x08017208   0x0000001c   Code   RO         4470    i.HAL_RCCEx_DisableLSECSS  stm32l4xx_hal_rcc_ex.o
    0x08017224   0x00000010   Code   RO         4477    i.HAL_RCCEx_EnableMSIPLLMode  stm32l4xx_hal_rcc_ex.o
    0x08017234   0x0000051c   Code   RO         4484    i.HAL_RCCEx_PeriphCLKConfig  stm32l4xx_hal_rcc_ex.o
    0x08017750   0x000001b0   Code   RO         4369    i.HAL_RCC_ClockConfig  stm32l4xx_hal_rcc.o
    0x08017900   0x00000074   Code   RO         4370    i.HAL_RCC_DeInit    stm32l4xx_hal_rcc.o
    0x08017974   0x00000130   Code   RO         4377    i.HAL_RCC_GetSysClockFreq  stm32l4xx_hal_rcc.o
    0x08017aa4   0x0000056c   Code   RO         4380    i.HAL_RCC_OscConfig  stm32l4xx_hal_rcc.o
    0x08018010   0x00000006   Code   RO         4991    i.HAL_SPI_GetState  stm32l4xx_hal_spi.o
    0x08018016   0x000000c8   Code   RO         4993    i.HAL_SPI_Init      stm32l4xx_hal_spi.o
    0x080180de   0x00000002   PAD
    0x080180e0   0x00000158   Code   RO        12047    i.HAL_SPI_MspInit   sensortile_bluenrg.o
    0x08018238   0x000002b2   Code   RO         5002    i.HAL_SPI_TransmitReceive  stm32l4xx_hal_spi.o
    0x080184ea   0x00000002   PAD
    0x080184ec   0x0000002c   Code   RO         3083    i.HAL_SYSTICK_Config  stm32l4xx_hal_cortex.o
    0x08018518   0x00000002   Code   RO         5919    i.HAL_TIMEx_BreakCallback  stm32l4xx_hal_tim_ex.o
    0x0801851a   0x00000002   Code   RO         5920    i.HAL_TIMEx_CommutationCallback  stm32l4xx_hal_tim_ex.o
    0x0801851c   0x00000034   Code   RO         5310    i.HAL_TIM_Base_Init  stm32l4xx_hal_tim.o
    0x08018550   0x00000064   Code   RO         1100    i.HAL_TIM_Base_MspInit  stm32l4xx_hal_msp.o
    0x080185b4   0x00000018   Code   RO         5315    i.HAL_TIM_Base_Start_IT  stm32l4xx_hal_tim.o
    0x080185cc   0x0000002a   Code   RO         5318    i.HAL_TIM_Base_Stop_IT  stm32l4xx_hal_tim.o
    0x080185f6   0x00000002   Code   RO         5339    i.HAL_TIM_IC_CaptureCallback  stm32l4xx_hal_tim.o
    0x080185f8   0x0000016c   Code   RO         5352    i.HAL_TIM_IRQHandler  stm32l4xx_hal_tim.o
    0x08018764   0x00000146   Code   RO         5957    i.HAL_TIM_OC_ConfigChannel  stm32l4xx_hal_tim_ex.o
    0x080188aa   0x00000002   PAD
    0x080188ac   0x00000098   Code   RO          587    i.HAL_TIM_OC_DelayElapsedCallback  main.o
    0x08018944   0x00000034   Code   RO         5357    i.HAL_TIM_OC_Init   stm32l4xx_hal_tim.o
    0x08018978   0x0000002c   Code   RO         1101    i.HAL_TIM_OC_MspInit  stm32l4xx_hal_msp.o
    0x080189a4   0x00000078   Code   RO         5362    i.HAL_TIM_OC_Start_IT  stm32l4xx_hal_tim.o
    0x08018a1c   0x00000096   Code   RO         5365    i.HAL_TIM_OC_Stop_IT  stm32l4xx_hal_tim.o
    0x08018ab2   0x00000002   Code   RO         5382    i.HAL_TIM_PWM_PulseFinishedCallback  stm32l4xx_hal_tim.o
    0x08018ab4   0x00000018   Code   RO          588    i.HAL_TIM_PeriodElapsedCallback  main.o
    0x08018acc   0x00000044   Code   RO         5390    i.HAL_TIM_ReadCapturedValue  stm32l4xx_hal_tim.o
    0x08018b10   0x00000002   Code   RO         5393    i.HAL_TIM_TriggerCallback  stm32l4xx_hal_tim.o
    0x08018b12   0x00000002   PAD
    0x08018b14   0x000000ac   Code   RO          949    i.HCI_Event_CB      sensor_service.o
    0x08018bc0   0x0000003c   Code   RO         1354    i.HCI_Init          hci.o
    0x08018bfc   0x00000090   Code   RO         1355    i.HCI_Isr           hci.o
    0x08018c8c   0x00000084   Code   RO         1356    i.HCI_Process       hci.o
    0x08018d10   0x00000030   Code   RO         6524    i.HTS221_Activate   hts221_driver.o
    0x08018d40   0x00000030   Code   RO         6525    i.HTS221_DeActivate  hts221_driver.o
    0x08018d70   0x00000014   Code   RO         6530    i.HTS221_Get_DeviceID  hts221_driver.o
    0x08018d84   0x000000d4   Code   RO         6533    i.HTS221_Get_Humidity  hts221_driver.o
    0x08018e58   0x00000026   Code   RO         6540    i.HTS221_Get_Odr    hts221_driver.o
    0x08018e7e   0x000000c8   Code   RO         6543    i.HTS221_Get_Temperature  hts221_driver.o
    0x08018f46   0x00000028   Code   RO         6755    i.HTS221_H_Check_WhoAmI  hts221_driver_hl.o
    0x08018f6e   0x0000003a   Code   RO         6756    i.HTS221_H_DeInit   hts221_driver_hl.o
    0x08018fa8   0x00000030   Code   RO         6757    i.HTS221_H_Get_Hum  hts221_driver_hl.o
    0x08018fd8   0x00000050   Code   RO         6758    i.HTS221_H_Get_ODR  hts221_driver_hl.o
    0x08019028   0x0000000e   Code   RO         6759    i.HTS221_H_Get_WhoAmI  hts221_driver_hl.o
    0x08019036   0x00000028   Code   RO         6760    i.HTS221_H_Init     hts221_driver_hl.o
    0x0801905e   0x0000002c   Code   RO         6761    i.HTS221_H_Sensor_Disable  hts221_driver_hl.o
    0x0801908a   0x00000034   Code   RO         6762    i.HTS221_H_Sensor_Enable  hts221_driver_hl.o
    0x080190be   0x00000004   Code   RO         6763    i.HTS221_H_Set_ODR  hts221_driver_hl.o
    0x080190c2   0x00000002   PAD
    0x080190c4   0x00000030   Code   RO         6764    i.HTS221_H_Set_ODR_Value  hts221_driver_hl.o
    0x080190f4   0x0000004c   Code   RO         6765    i.HTS221_Init       hts221_driver_hl.o
    0x08019140   0x0000001c   Code   RO         6547    i.HTS221_ReadReg    hts221_driver.o
    0x0801915c   0x00000090   Code   RO         6551    i.HTS221_Set_BduMode  hts221_driver.o
    0x080191ec   0x00000026   Code   RO         6766    i.HTS221_Set_ODR    hts221_driver_hl.o
    0x08019212   0x00000002   PAD
    0x08019214   0x00000094   Code   RO         6557    i.HTS221_Set_Odr    hts221_driver.o
    0x080192a8   0x00000028   Code   RO         6767    i.HTS221_T_Check_WhoAmI  hts221_driver_hl.o
    0x080192d0   0x0000003a   Code   RO         6768    i.HTS221_T_DeInit   hts221_driver_hl.o
    0x0801930a   0x00000002   PAD
    0x0801930c   0x00000050   Code   RO         6769    i.HTS221_T_Get_ODR  hts221_driver_hl.o
    0x0801935c   0x00000030   Code   RO         6770    i.HTS221_T_Get_Temp  hts221_driver_hl.o
    0x0801938c   0x0000000e   Code   RO         6771    i.HTS221_T_Get_WhoAmI  hts221_driver_hl.o
    0x0801939a   0x00000028   Code   RO         6772    i.HTS221_T_Init     hts221_driver_hl.o
    0x080193c2   0x0000002c   Code   RO         6773    i.HTS221_T_Sensor_Disable  hts221_driver_hl.o
    0x080193ee   0x00000034   Code   RO         6774    i.HTS221_T_Sensor_Enable  hts221_driver_hl.o
    0x08019422   0x00000004   Code   RO         6775    i.HTS221_T_Set_ODR  hts221_driver_hl.o
    0x08019426   0x00000002   PAD
    0x08019428   0x00000030   Code   RO         6776    i.HTS221_T_Set_ODR_Value  hts221_driver_hl.o
    0x08019458   0x0000001c   Code   RO         6560    i.HTS221_WriteReg   hts221_driver.o
    0x08019474   0x0000003c   Code   RO         6561    i.HTS221_assert_failed  hts221_driver.o
    0x080194b0   0x0000004c   Code   RO        12048    i.Hal_Write_Serial  sensortile_bluenrg.o
    0x080194fc   0x00000002   Code   RO         1144    i.HardFault_Handler  stm32l4xx_it.o
    0x080194fe   0x00000002   PAD
    0x08019500   0x0000009c   Code   RO         3630    i.I2C_IsAcknowledgeFailed  stm32l4xx_hal_i2c.o
    0x0801959c   0x00000074   Code   RO         3632    i.I2C_RequestMemoryRead  stm32l4xx_hal_i2c.o
    0x08019610   0x00000074   Code   RO         3633    i.I2C_RequestMemoryWrite  stm32l4xx_hal_i2c.o
    0x08019684   0x000000cc   Code   RO        11467    i.I2C_SENSORTILE_Init  sensortile.o
    0x08019750   0x0000002c   Code   RO         3635    i.I2C_TransferConfig  stm32l4xx_hal_i2c.o
    0x0801977c   0x00000076   Code   RO         3636    i.I2C_WaitOnFlagUntilTimeout  stm32l4xx_hal_i2c.o
    0x080197f2   0x00000058   Code   RO         3638    i.I2C_WaitOnSTOPFlagUntilTimeout  stm32l4xx_hal_i2c.o
    0x0801984a   0x0000005e   Code   RO         3639    i.I2C_WaitOnTXISFlagUntilTimeout  stm32l4xx_hal_i2c.o
    0x080198a8   0x00000014   Code   RO          335    i.InitHWFeatures    hwadvancefeatures.o
    0x080198bc   0x00000198   Code   RO          470    i.InitLicenseManager  licensemanager.o
    0x08019a54   0x000000f0   Code   RO         1242    i.InitTargetPlatform  targetplatform.o
    0x08019b44   0x00000084   Code   RO          950    i.LED_Update        sensor_service.o
    0x08019bc8   0x00000014   Code   RO         6882    i.LPS22HB_Get_DeviceID  lps22hb_driver.o
    0x08019bdc   0x00000070   Code   RO         7249    i.LPS22HB_Get_ODR   lps22hb_driver_hl.o
    0x08019c4c   0x00000022   Code   RO         6893    i.LPS22HB_Get_Odr   lps22hb_driver.o
    0x08019c6e   0x00000046   Code   RO         6895    i.LPS22HB_Get_Pressure  lps22hb_driver.o
    0x08019cb4   0x00000048   Code   RO         6902    i.LPS22HB_Get_Temperature  lps22hb_driver.o
    0x08019cfc   0x0000007c   Code   RO         7250    i.LPS22HB_Initialize  lps22hb_driver_hl.o
    0x08019d78   0x00000028   Code   RO         7251    i.LPS22HB_P_Check_WhoAmI  lps22hb_driver_hl.o
    0x08019da0   0x00000036   Code   RO         7252    i.LPS22HB_P_DeInit  lps22hb_driver_hl.o
    0x08019dd6   0x00000004   Code   RO         7253    i.LPS22HB_P_Get_ODR  lps22hb_driver_hl.o
    0x08019dda   0x00000002   PAD
    0x08019ddc   0x00000030   Code   RO         7254    i.LPS22HB_P_Get_Press  lps22hb_driver_hl.o
    0x08019e0c   0x0000000e   Code   RO         7255    i.LPS22HB_P_Get_WhoAmI  lps22hb_driver_hl.o
    0x08019e1a   0x00000024   Code   RO         7256    i.LPS22HB_P_Init    lps22hb_driver_hl.o
    0x08019e3e   0x00000028   Code   RO         7257    i.LPS22HB_P_Sensor_Disable  lps22hb_driver_hl.o
    0x08019e66   0x0000002e   Code   RO         7258    i.LPS22HB_P_Sensor_Enable  lps22hb_driver_hl.o
    0x08019e94   0x0000008c   Code   RO         7259    i.LPS22HB_P_Set_ODR  lps22hb_driver_hl.o
    0x08019f20   0x00000070   Code   RO         7260    i.LPS22HB_P_Set_ODR_Value  lps22hb_driver_hl.o
    0x08019f90   0x00000014   Code   RO         6907    i.LPS22HB_ReadReg   lps22hb_driver.o
    0x08019fa4   0x00000036   Code   RO         6912    i.LPS22HB_Set_AutomaticIncrementRegAddress  lps22hb_driver.o
    0x08019fda   0x00000038   Code   RO         6913    i.LPS22HB_Set_Bdu   lps22hb_driver.o
    0x0801a012   0x00000036   Code   RO         6931    i.LPS22HB_Set_LowPassFilter  lps22hb_driver.o
    0x0801a048   0x00000034   Code   RO         6932    i.LPS22HB_Set_LowPassFilterCutoff  lps22hb_driver.o
    0x0801a07c   0x00000068   Code   RO         7261    i.LPS22HB_Set_ODR_Value_When_Enabled  lps22hb_driver_hl.o
    0x0801a0e4   0x00000034   Code   RO         6933    i.LPS22HB_Set_Odr   lps22hb_driver.o
    0x0801a118   0x00000034   Code   RO         6936    i.LPS22HB_Set_PowerMode  lps22hb_driver.o
    0x0801a14c   0x00000030   Code   RO         6941    i.LPS22HB_SwResetAndMemoryBoot  lps22hb_driver.o
    0x0801a17c   0x00000028   Code   RO         7262    i.LPS22HB_T_Check_WhoAmI  lps22hb_driver_hl.o
    0x0801a1a4   0x00000036   Code   RO         7263    i.LPS22HB_T_DeInit  lps22hb_driver_hl.o
    0x0801a1da   0x00000004   Code   RO         7264    i.LPS22HB_T_Get_ODR  lps22hb_driver_hl.o
    0x0801a1de   0x00000030   Code   RO         7265    i.LPS22HB_T_Get_Temp  lps22hb_driver_hl.o
    0x0801a20e   0x0000000e   Code   RO         7266    i.LPS22HB_T_Get_WhoAmI  lps22hb_driver_hl.o
    0x0801a21c   0x00000024   Code   RO         7267    i.LPS22HB_T_Init    lps22hb_driver_hl.o
    0x0801a240   0x00000028   Code   RO         7268    i.LPS22HB_T_Sensor_Disable  lps22hb_driver_hl.o
    0x0801a268   0x0000002e   Code   RO         7269    i.LPS22HB_T_Sensor_Enable  lps22hb_driver_hl.o
    0x0801a296   0x00000002   PAD
    0x0801a298   0x0000008c   Code   RO         7270    i.LPS22HB_T_Set_ODR  lps22hb_driver_hl.o
    0x0801a324   0x00000070   Code   RO         7271    i.LPS22HB_T_Set_ODR_Value  lps22hb_driver_hl.o
    0x0801a394   0x00000014   Code   RO         6942    i.LPS22HB_WriteReg  lps22hb_driver.o
    0x0801a3a8   0x00000154   Code   RO         7439    i.LSM303AGR_ACC_Get_Acceleration  lsm303agr_acc_driver.o
    0x0801a4fc   0x0000001a   Code   RO         7440    i.LSM303AGR_ACC_Get_Raw_Acceleration  lsm303agr_acc_driver.o
    0x0801a516   0x0000001c   Code   RO         7478    i.LSM303AGR_ACC_R_FullScale  lsm303agr_acc_driver.o
    0x0801a532   0x0000001c   Code   RO         7479    i.LSM303AGR_ACC_R_HiRes  lsm303agr_acc_driver.o
    0x0801a54e   0x0000001c   Code   RO         7517    i.LSM303AGR_ACC_R_LOWPWR_EN  lsm303agr_acc_driver.o
    0x0801a56a   0x0000001c   Code   RO         7521    i.LSM303AGR_ACC_R_ODR  lsm303agr_acc_driver.o
    0x0801a586   0x00000012   Code   RO         7530    i.LSM303AGR_ACC_R_WHO_AM_I  lsm303agr_acc_driver.o
    0x0801a598   0x0000001c   Code   RO         7535    i.LSM303AGR_ACC_R_XEN  lsm303agr_acc_driver.o
    0x0801a5b4   0x0000001c   Code   RO         7542    i.LSM303AGR_ACC_R_YEN  lsm303agr_acc_driver.o
    0x0801a5d0   0x0000001c   Code   RO         7547    i.LSM303AGR_ACC_R_ZEN  lsm303agr_acc_driver.o
    0x0801a5ec   0x00000012   Code   RO         7559    i.LSM303AGR_ACC_ReadReg  lsm303agr_acc_driver.o
    0x0801a5fe   0x00000032   Code   RO         7564    i.LSM303AGR_ACC_W_BlockDataUpdate  lsm303agr_acc_driver.o
    0x0801a630   0x00000032   Code   RO         7580    i.LSM303AGR_ACC_W_FifoMode  lsm303agr_acc_driver.o
    0x0801a662   0x00000032   Code   RO         7582    i.LSM303AGR_ACC_W_FullScale  lsm303agr_acc_driver.o
    0x0801a694   0x00000032   Code   RO         7611    i.LSM303AGR_ACC_W_ODR  lsm303agr_acc_driver.o
    0x0801a6c6   0x00000032   Code   RO         7620    i.LSM303AGR_ACC_W_XEN  lsm303agr_acc_driver.o
    0x0801a6f8   0x00000032   Code   RO         7623    i.LSM303AGR_ACC_W_YEN  lsm303agr_acc_driver.o
    0x0801a72a   0x00000032   Code   RO         7626    i.LSM303AGR_ACC_W_ZEN  lsm303agr_acc_driver.o
    0x0801a75c   0x00000018   Code   RO         7633    i.LSM303AGR_ACC_WriteReg  lsm303agr_acc_driver.o
    0x0801a774   0x0000001a   Code   RO         8618    i.LSM303AGR_MAG_Get_Raw_Magnetic  lsm303agr_mag_driver.o
    0x0801a78e   0x0000001c   Code   RO         8638    i.LSM303AGR_MAG_R_ODR  lsm303agr_mag_driver.o
    0x0801a7aa   0x00000012   Code   RO         8652    i.LSM303AGR_MAG_R_WHO_AM_I  lsm303agr_mag_driver.o
    0x0801a7bc   0x00000012   Code   RO         8664    i.LSM303AGR_MAG_ReadReg  lsm303agr_mag_driver.o
    0x0801a7ce   0x00000032   Code   RO         8668    i.LSM303AGR_MAG_W_BDU  lsm303agr_mag_driver.o
    0x0801a800   0x00000032   Code   RO         8679    i.LSM303AGR_MAG_W_MD  lsm303agr_mag_driver.o
    0x0801a832   0x00000032   Code   RO         8680    i.LSM303AGR_MAG_W_ODR  lsm303agr_mag_driver.o
    0x0801a864   0x00000032   Code   RO         8690    i.LSM303AGR_MAG_W_ST  lsm303agr_mag_driver.o
    0x0801a896   0x00000018   Code   RO         8694    i.LSM303AGR_MAG_WriteReg  lsm303agr_mag_driver.o
    0x0801a8ae   0x00000026   Code   RO        11371    i.LSM303AGR_M_Check_WhoAmI  lsm303agr_mag_driver_hl.o
    0x0801a8d4   0x00000040   Code   RO        11372    i.LSM303AGR_M_DeInit  lsm303agr_mag_driver_hl.o
    0x0801a914   0x0000006c   Code   RO        11373    i.LSM303AGR_M_Get_Axes  lsm303agr_mag_driver_hl.o
    0x0801a980   0x00000032   Code   RO        11374    i.LSM303AGR_M_Get_AxesRaw  lsm303agr_mag_driver_hl.o
    0x0801a9b2   0x00000002   PAD
    0x0801a9b4   0x00000010   Code   RO        11375    i.LSM303AGR_M_Get_FS  lsm303agr_mag_driver_hl.o
    0x0801a9c4   0x00000054   Code   RO        11376    i.LSM303AGR_M_Get_ODR  lsm303agr_mag_driver_hl.o
    0x0801aa18   0x0000000c   Code   RO        11377    i.LSM303AGR_M_Get_Sensitivity  lsm303agr_mag_driver_hl.o
    0x0801aa24   0x00000010   Code   RO        11378    i.LSM303AGR_M_Get_WhoAmI  lsm303agr_mag_driver_hl.o
    0x0801aa34   0x0000005a   Code   RO        11379    i.LSM303AGR_M_Init  lsm303agr_mag_driver_hl.o
    0x0801aa8e   0x0000001e   Code   RO        11380    i.LSM303AGR_M_Sensor_Disable  lsm303agr_mag_driver_hl.o
    0x0801aaac   0x00000024   Code   RO        11381    i.LSM303AGR_M_Sensor_Enable  lsm303agr_mag_driver_hl.o
    0x0801aad0   0x00000004   Code   RO        11382    i.LSM303AGR_M_Set_FS  lsm303agr_mag_driver_hl.o
    0x0801aad4   0x00000004   Code   RO        11383    i.LSM303AGR_M_Set_FS_Value  lsm303agr_mag_driver_hl.o
    0x0801aad8   0x0000002c   Code   RO        11384    i.LSM303AGR_M_Set_ODR  lsm303agr_mag_driver_hl.o
    0x0801ab04   0x00000048   Code   RO        11385    i.LSM303AGR_M_Set_ODR_Value  lsm303agr_mag_driver_hl.o
    0x0801ab4c   0x00000026   Code   RO        11265    i.LSM303AGR_X_Check_WhoAmI  lsm303agr_acc_driver_hl.o
    0x0801ab72   0x00000002   PAD
    0x0801ab74   0x0000005c   Code   RO        11266    i.LSM303AGR_X_DeInit  lsm303agr_acc_driver_hl.o
    0x0801abd0   0x00000026   Code   RO        11267    i.LSM303AGR_X_Get_Axes  lsm303agr_acc_driver_hl.o
    0x0801abf6   0x0000008a   Code   RO        11268    i.LSM303AGR_X_Get_AxesRaw  lsm303agr_acc_driver_hl.o
    0x0801ac80   0x0000005c   Code   RO        11269    i.LSM303AGR_X_Get_Axes_Status  lsm303agr_acc_driver_hl.o
    0x0801acdc   0x0000004c   Code   RO        11270    i.LSM303AGR_X_Get_FS  lsm303agr_acc_driver_hl.o
    0x0801ad28   0x00000084   Code   RO        11271    i.LSM303AGR_X_Get_ODR  lsm303agr_acc_driver_hl.o
    0x0801adac   0x00000144   Code   RO        11272    i.LSM303AGR_X_Get_Sensitivity  lsm303agr_acc_driver_hl.o
    0x0801aef0   0x00000010   Code   RO        11273    i.LSM303AGR_X_Get_WhoAmI  lsm303agr_acc_driver_hl.o
    0x0801af00   0x000000c0   Code   RO        11274    i.LSM303AGR_X_Init  lsm303agr_acc_driver_hl.o
    0x0801afc0   0x00000030   Code   RO        11275    i.LSM303AGR_X_Sensor_Disable  lsm303agr_acc_driver_hl.o
    0x0801aff0   0x00000028   Code   RO        11276    i.LSM303AGR_X_Sensor_Enable  lsm303agr_acc_driver_hl.o
    0x0801b018   0x0000004a   Code   RO        11277    i.LSM303AGR_X_Set_Axes_Status  lsm303agr_acc_driver_hl.o
    0x0801b062   0x00000022   Code   RO        11278    i.LSM303AGR_X_Set_FS  lsm303agr_acc_driver_hl.o
    0x0801b084   0x0000003c   Code   RO        11279    i.LSM303AGR_X_Set_FS_Value  lsm303agr_acc_driver_hl.o
    0x0801b0c0   0x00000078   Code   RO        11280    i.LSM303AGR_X_Set_ODR  lsm303agr_acc_driver_hl.o
    0x0801b138   0x000000a8   Code   RO        11281    i.LSM303AGR_X_Set_ODR_Value  lsm303agr_acc_driver_hl.o
    0x0801b1e0   0x0000007c   Code   RO        11282    i.LSM303AGR_X_Set_ODR_Value_When_Enabled  lsm303agr_acc_driver_hl.o
    0x0801b25c   0x00000042   Code   RO         9454    i.LSM6DSM_ACC_GYRO_GetRawAccData  lsm6dsm_acc_gyro_driver.o
    0x0801b29e   0x00000042   Code   RO         9455    i.LSM6DSM_ACC_GYRO_GetRawGyroData  lsm6dsm_acc_gyro_driver.o
    0x0801b2e0   0x00000042   Code   RO         9457    i.LSM6DSM_ACC_GYRO_Get_GetStepCounter  lsm6dsm_acc_gyro_driver.o
    0x0801b322   0x0000001c   Code   RO         9469    i.LSM6DSM_ACC_GYRO_R_D6D_EV_STATUS  lsm6dsm_acc_gyro_driver.o
    0x0801b33e   0x0000001c   Code   RO         9478    i.LSM6DSM_ACC_GYRO_R_DOUBLE_TAP_EV_STATUS  lsm6dsm_acc_gyro_driver.o
    0x0801b35a   0x0000001c   Code   RO         9487    i.LSM6DSM_ACC_GYRO_R_DSD_XH  lsm6dsm_acc_gyro_driver.o
    0x0801b376   0x0000001c   Code   RO         9488    i.LSM6DSM_ACC_GYRO_R_DSD_XL  lsm6dsm_acc_gyro_driver.o
    0x0801b392   0x0000001c   Code   RO         9489    i.LSM6DSM_ACC_GYRO_R_DSD_YH  lsm6dsm_acc_gyro_driver.o
    0x0801b3ae   0x0000001c   Code   RO         9490    i.LSM6DSM_ACC_GYRO_R_DSD_YL  lsm6dsm_acc_gyro_driver.o
    0x0801b3ca   0x0000001c   Code   RO         9491    i.LSM6DSM_ACC_GYRO_R_DSD_ZH  lsm6dsm_acc_gyro_driver.o
    0x0801b3e6   0x0000001c   Code   RO         9492    i.LSM6DSM_ACC_GYRO_R_DSD_ZL  lsm6dsm_acc_gyro_driver.o
    0x0801b402   0x0000001c   Code   RO         9499    i.LSM6DSM_ACC_GYRO_R_FF_EV_STATUS  lsm6dsm_acc_gyro_driver.o
    0x0801b41e   0x0000001c   Code   RO         9510    i.LSM6DSM_ACC_GYRO_R_FS_125  lsm6dsm_acc_gyro_driver.o
    0x0801b43a   0x0000001c   Code   RO         9511    i.LSM6DSM_ACC_GYRO_R_FS_G  lsm6dsm_acc_gyro_driver.o
    0x0801b456   0x0000001c   Code   RO         9512    i.LSM6DSM_ACC_GYRO_R_FS_XL  lsm6dsm_acc_gyro_driver.o
    0x0801b472   0x0000001c   Code   RO         9541    i.LSM6DSM_ACC_GYRO_R_ODR_G  lsm6dsm_acc_gyro_driver.o
    0x0801b48e   0x0000001c   Code   RO         9542    i.LSM6DSM_ACC_GYRO_R_ODR_XL  lsm6dsm_acc_gyro_driver.o
    0x0801b4aa   0x0000001c   Code   RO         9548    i.LSM6DSM_ACC_GYRO_R_PEDO_EV_STATUS  lsm6dsm_acc_gyro_driver.o
    0x0801b4c6   0x0000001c   Code   RO         9560    i.LSM6DSM_ACC_GYRO_R_SINGLE_TAP_EV_STATUS  lsm6dsm_acc_gyro_driver.o
    0x0801b4e2   0x0000001c   Code   RO         9594    i.LSM6DSM_ACC_GYRO_R_TILT_EV_STATUS  lsm6dsm_acc_gyro_driver.o
    0x0801b4fe   0x00000012   Code   RO         9606    i.LSM6DSM_ACC_GYRO_R_WHO_AM_I  lsm6dsm_acc_gyro_driver.o
    0x0801b510   0x0000001c   Code   RO         9610    i.LSM6DSM_ACC_GYRO_R_WU_EV_STATUS  lsm6dsm_acc_gyro_driver.o
    0x0801b52c   0x00000012   Code   RO         9620    i.LSM6DSM_ACC_GYRO_ReadReg  lsm6dsm_acc_gyro_driver.o
    0x0801b53e   0x00000032   Code   RO         9627    i.LSM6DSM_ACC_GYRO_W_6DEvOnInt2  lsm6dsm_acc_gyro_driver.o
    0x0801b570   0x00000032   Code   RO         9628    i.LSM6DSM_ACC_GYRO_W_BASIC_INT  lsm6dsm_acc_gyro_driver.o
    0x0801b5a2   0x00000032   Code   RO         9629    i.LSM6DSM_ACC_GYRO_W_BDU  lsm6dsm_acc_gyro_driver.o
    0x0801b5d4   0x00000036   Code   RO         9654    i.LSM6DSM_ACC_GYRO_W_DUR  lsm6dsm_acc_gyro_driver.o
    0x0801b60a   0x00000032   Code   RO         9655    i.LSM6DSM_ACC_GYRO_W_EmbeddedAccess  lsm6dsm_acc_gyro_driver.o
    0x0801b63c   0x00000032   Code   RO         9658    i.LSM6DSM_ACC_GYRO_W_FFEvOnInt2  lsm6dsm_acc_gyro_driver.o
    0x0801b66e   0x0000006a   Code   RO         9659    i.LSM6DSM_ACC_GYRO_W_FF_Duration  lsm6dsm_acc_gyro_driver.o
    0x0801b6d8   0x00000032   Code   RO         9660    i.LSM6DSM_ACC_GYRO_W_FF_THS  lsm6dsm_acc_gyro_driver.o
    0x0801b70a   0x00000032   Code   RO         9661    i.LSM6DSM_ACC_GYRO_W_FIFO_MODE  lsm6dsm_acc_gyro_driver.o
    0x0801b73c   0x00000032   Code   RO         9666    i.LSM6DSM_ACC_GYRO_W_FS_125  lsm6dsm_acc_gyro_driver.o
    0x0801b76e   0x00000032   Code   RO         9667    i.LSM6DSM_ACC_GYRO_W_FS_G  lsm6dsm_acc_gyro_driver.o
    0x0801b7a0   0x00000032   Code   RO         9668    i.LSM6DSM_ACC_GYRO_W_FS_XL  lsm6dsm_acc_gyro_driver.o
    0x0801b7d2   0x00000032   Code   RO         9671    i.LSM6DSM_ACC_GYRO_W_FUNC_EN  lsm6dsm_acc_gyro_driver.o
    0x0801b804   0x00000032   Code   RO         9681    i.LSM6DSM_ACC_GYRO_W_IF_Addr_Incr  lsm6dsm_acc_gyro_driver.o
    0x0801b836   0x00000032   Code   RO         9695    i.LSM6DSM_ACC_GYRO_W_ODR_G  lsm6dsm_acc_gyro_driver.o
    0x0801b868   0x00000032   Code   RO         9696    i.LSM6DSM_ACC_GYRO_W_ODR_XL  lsm6dsm_acc_gyro_driver.o
    0x0801b89a   0x00000032   Code   RO         9700    i.LSM6DSM_ACC_GYRO_W_PEDO  lsm6dsm_acc_gyro_driver.o
    0x0801b8cc   0x00000032   Code   RO         9703    i.LSM6DSM_ACC_GYRO_W_PedoStepReset  lsm6dsm_acc_gyro_driver.o
    0x0801b8fe   0x0000004e   Code   RO         9704    i.LSM6DSM_ACC_GYRO_W_PedoThreshold  lsm6dsm_acc_gyro_driver.o
    0x0801b94c   0x00000036   Code   RO         9705    i.LSM6DSM_ACC_GYRO_W_QUIET_Duration  lsm6dsm_acc_gyro_driver.o
    0x0801b982   0x00000034   Code   RO         9708    i.LSM6DSM_ACC_GYRO_W_SHOCK_Duration  lsm6dsm_acc_gyro_driver.o
    0x0801b9b6   0x00000032   Code   RO         9710    i.LSM6DSM_ACC_GYRO_W_SINGLE_DOUBLE_TAP_EV  lsm6dsm_acc_gyro_driver.o
    0x0801b9e8   0x00000032   Code   RO         9711    i.LSM6DSM_ACC_GYRO_W_SIXD_THS  lsm6dsm_acc_gyro_driver.o
    0x0801ba1a   0x00000034   Code   RO         9712    i.LSM6DSM_ACC_GYRO_W_SLEEP_DUR  lsm6dsm_acc_gyro_driver.o
    0x0801ba4e   0x00000032   Code   RO         9717    i.LSM6DSM_ACC_GYRO_W_STEP_DELTA_on_INT2  lsm6dsm_acc_gyro_driver.o
    0x0801ba80   0x00000032   Code   RO         9727    i.LSM6DSM_ACC_GYRO_W_SingleTapOnInt2  lsm6dsm_acc_gyro_driver.o
    0x0801bab2   0x00000034   Code   RO         9732    i.LSM6DSM_ACC_GYRO_W_TAP_THS  lsm6dsm_acc_gyro_driver.o
    0x0801bae6   0x00000032   Code   RO         9733    i.LSM6DSM_ACC_GYRO_W_TAP_X_EN  lsm6dsm_acc_gyro_driver.o
    0x0801bb18   0x00000032   Code   RO         9734    i.LSM6DSM_ACC_GYRO_W_TAP_Y_EN  lsm6dsm_acc_gyro_driver.o
    0x0801bb4a   0x00000032   Code   RO         9735    i.LSM6DSM_ACC_GYRO_W_TAP_Z_EN  lsm6dsm_acc_gyro_driver.o
    0x0801bb7c   0x00000032   Code   RO         9736    i.LSM6DSM_ACC_GYRO_W_TILT  lsm6dsm_acc_gyro_driver.o
    0x0801bbae   0x00000032   Code   RO         9738    i.LSM6DSM_ACC_GYRO_W_TIMER_HR  lsm6dsm_acc_gyro_driver.o
    0x0801bbe0   0x00000032   Code   RO         9742    i.LSM6DSM_ACC_GYRO_W_TapEvOnInt2  lsm6dsm_acc_gyro_driver.o
    0x0801bc12   0x00000032   Code   RO         9744    i.LSM6DSM_ACC_GYRO_W_TiltEvOnInt2  lsm6dsm_acc_gyro_driver.o
    0x0801bc44   0x00000036   Code   RO         9747    i.LSM6DSM_ACC_GYRO_W_WAKE_DUR  lsm6dsm_acc_gyro_driver.o
    0x0801bc7a   0x00000034   Code   RO         9748    i.LSM6DSM_ACC_GYRO_W_WK_THS  lsm6dsm_acc_gyro_driver.o
    0x0801bcae   0x00000032   Code   RO         9750    i.LSM6DSM_ACC_GYRO_W_WUEvOnInt2  lsm6dsm_acc_gyro_driver.o
    0x0801bce0   0x00000018   Code   RO         9752    i.LSM6DSM_ACC_GYRO_WriteReg  lsm6dsm_acc_gyro_driver.o
    0x0801bcf8   0x00000026   Code   RO         9089    i.LSM6DSM_Check_WhoAmI  lsm6dsm_acc_gyro_driver_hl.o
    0x0801bd1e   0x00000004   Code   RO         9090    i.LSM6DSM_G_Check_WhoAmI  lsm6dsm_acc_gyro_driver_hl.o
    0x0801bd22   0x00000002   PAD
    0x0801bd24   0x00000054   Code   RO         9091    i.LSM6DSM_G_DeInit  lsm6dsm_acc_gyro_driver_hl.o
    0x0801bd78   0x000000b8   Code   RO         9092    i.LSM6DSM_G_Get_Axes  lsm6dsm_acc_gyro_driver_hl.o
    0x0801be30   0x00000060   Code   RO         9093    i.LSM6DSM_G_Get_AxesRaw  lsm6dsm_acc_gyro_driver_hl.o
    0x0801be90   0x00000088   Code   RO         9094    i.LSM6DSM_G_Get_FS  lsm6dsm_acc_gyro_driver_hl.o
    0x0801bf18   0x000000b0   Code   RO         9095    i.LSM6DSM_G_Get_ODR  lsm6dsm_acc_gyro_driver_hl.o
    0x0801bfc8   0x00000088   Code   RO         9096    i.LSM6DSM_G_Get_Sensitivity  lsm6dsm_acc_gyro_driver_hl.o
    0x0801c050   0x00000010   Code   RO         9097    i.LSM6DSM_G_Get_WhoAmI  lsm6dsm_acc_gyro_driver_hl.o
    0x0801c060   0x00000064   Code   RO         9098    i.LSM6DSM_G_Init    lsm6dsm_acc_gyro_driver_hl.o
    0x0801c0c4   0x00000030   Code   RO         9099    i.LSM6DSM_G_Sensor_Disable  lsm6dsm_acc_gyro_driver_hl.o
    0x0801c0f4   0x00000028   Code   RO         9100    i.LSM6DSM_G_Sensor_Enable  lsm6dsm_acc_gyro_driver_hl.o
    0x0801c11c   0x00000022   Code   RO         9101    i.LSM6DSM_G_Set_FS  lsm6dsm_acc_gyro_driver_hl.o
    0x0801c13e   0x00000002   PAD
    0x0801c140   0x00000074   Code   RO         9102    i.LSM6DSM_G_Set_FS_Value  lsm6dsm_acc_gyro_driver_hl.o
    0x0801c1b4   0x0000006c   Code   RO         9103    i.LSM6DSM_G_Set_ODR  lsm6dsm_acc_gyro_driver_hl.o
    0x0801c220   0x000000f8   Code   RO         9104    i.LSM6DSM_G_Set_ODR_Value  lsm6dsm_acc_gyro_driver_hl.o
    0x0801c318   0x000000b4   Code   RO         9105    i.LSM6DSM_G_Set_ODR_Value_When_Enabled  lsm6dsm_acc_gyro_driver_hl.o
    0x0801c3cc   0x00000050   Code   RO        11468    i.LSM6DSM_Sensor_IO_ITConfig  sensortile.o
    0x0801c41c   0x00000004   Code   RO         9106    i.LSM6DSM_X_Check_WhoAmI  lsm6dsm_acc_gyro_driver_hl.o
    0x0801c420   0x00000138   Code   RO         9107    i.LSM6DSM_X_DeInit  lsm6dsm_acc_gyro_driver_hl.o
    0x0801c558   0x00000028   Code   RO         9108    i.LSM6DSM_X_Disable_6D_Orientation  lsm6dsm_acc_gyro_driver_hl.o
    0x0801c580   0x00000070   Code   RO         9109    i.LSM6DSM_X_Disable_Double_Tap_Detection  lsm6dsm_acc_gyro_driver_hl.o
    0x0801c5f0   0x00000032   Code   RO         9110    i.LSM6DSM_X_Disable_Free_Fall_Detection  lsm6dsm_acc_gyro_driver_hl.o
    0x0801c622   0x00000032   Code   RO         9111    i.LSM6DSM_X_Disable_Pedometer  lsm6dsm_acc_gyro_driver_hl.o
    0x0801c654   0x0000005a   Code   RO         9112    i.LSM6DSM_X_Disable_Single_Tap_Detection  lsm6dsm_acc_gyro_driver_hl.o
    0x0801c6ae   0x00000012   Code   RO         9113    i.LSM6DSM_X_Disable_Step_Counter_Reset  lsm6dsm_acc_gyro_driver_hl.o
    0x0801c6c0   0x00000028   Code   RO         9114    i.LSM6DSM_X_Disable_Tilt_Detection  lsm6dsm_acc_gyro_driver_hl.o
    0x0801c6e8   0x00000032   Code   RO         9115    i.LSM6DSM_X_Disable_Wake_Up_Detection  lsm6dsm_acc_gyro_driver_hl.o
    0x0801c71a   0x00000002   PAD
    0x0801c71c   0x00000044   Code   RO         9116    i.LSM6DSM_X_Enable_6D_Orientation  lsm6dsm_acc_gyro_driver_hl.o
    0x0801c760   0x00000090   Code   RO         9117    i.LSM6DSM_X_Enable_Double_Tap_Detection  lsm6dsm_acc_gyro_driver_hl.o
    0x0801c7f0   0x0000006c   Code   RO         9118    i.LSM6DSM_X_Enable_Free_Fall_Detection  lsm6dsm_acc_gyro_driver_hl.o
    0x0801c85c   0x0000004a   Code   RO         9119    i.LSM6DSM_X_Enable_Pedometer  lsm6dsm_acc_gyro_driver_hl.o
    0x0801c8a6   0x00000002   PAD
    0x0801c8a8   0x00000078   Code   RO         9120    i.LSM6DSM_X_Enable_Single_Tap_Detection  lsm6dsm_acc_gyro_driver_hl.o
    0x0801c920   0x00000012   Code   RO         9121    i.LSM6DSM_X_Enable_Step_Counter_Reset  lsm6dsm_acc_gyro_driver_hl.o
    0x0801c932   0x00000040   Code   RO         9122    i.LSM6DSM_X_Enable_Tilt_Detection  lsm6dsm_acc_gyro_driver_hl.o
    0x0801c972   0x00000002   PAD
    0x0801c974   0x00000050   Code   RO         9123    i.LSM6DSM_X_Enable_Wake_Up_Detection  lsm6dsm_acc_gyro_driver_hl.o
    0x0801c9c4   0x00000022   Code   RO         9124    i.LSM6DSM_X_Get_6D_Orientation_Status  lsm6dsm_acc_gyro_driver_hl.o
    0x0801c9e6   0x00000022   Code   RO         9125    i.LSM6DSM_X_Get_6D_Orientation_XH  lsm6dsm_acc_gyro_driver_hl.o
    0x0801ca08   0x00000020   Code   RO         9126    i.LSM6DSM_X_Get_6D_Orientation_XL  lsm6dsm_acc_gyro_driver_hl.o
    0x0801ca28   0x00000022   Code   RO         9127    i.LSM6DSM_X_Get_6D_Orientation_YH  lsm6dsm_acc_gyro_driver_hl.o
    0x0801ca4a   0x00000022   Code   RO         9128    i.LSM6DSM_X_Get_6D_Orientation_YL  lsm6dsm_acc_gyro_driver_hl.o
    0x0801ca6c   0x00000022   Code   RO         9129    i.LSM6DSM_X_Get_6D_Orientation_ZH  lsm6dsm_acc_gyro_driver_hl.o
    0x0801ca8e   0x00000022   Code   RO         9130    i.LSM6DSM_X_Get_6D_Orientation_ZL  lsm6dsm_acc_gyro_driver_hl.o
    0x0801cab0   0x000000dc   Code   RO         9131    i.LSM6DSM_X_Get_Axes  lsm6dsm_acc_gyro_driver_hl.o
    0x0801cb8c   0x00000060   Code   RO         9132    i.LSM6DSM_X_Get_AxesRaw  lsm6dsm_acc_gyro_driver_hl.o
    0x0801cbec   0x00000022   Code   RO         9133    i.LSM6DSM_X_Get_Double_Tap_Detection_Status  lsm6dsm_acc_gyro_driver_hl.o
    0x0801cc0e   0x0000004c   Code   RO         9134    i.LSM6DSM_X_Get_FS  lsm6dsm_acc_gyro_driver_hl.o
    0x0801cc5a   0x00000022   Code   RO         9135    i.LSM6DSM_X_Get_Free_Fall_Detection_Status  lsm6dsm_acc_gyro_driver_hl.o
    0x0801cc7c   0x000000b0   Code   RO         9136    i.LSM6DSM_X_Get_ODR  lsm6dsm_acc_gyro_driver_hl.o
    0x0801cd2c   0x00000022   Code   RO         9137    i.LSM6DSM_X_Get_Pedometer_Status  lsm6dsm_acc_gyro_driver_hl.o
    0x0801cd4e   0x00000002   PAD
    0x0801cd50   0x0000005c   Code   RO         9138    i.LSM6DSM_X_Get_Sensitivity  lsm6dsm_acc_gyro_driver_hl.o
    0x0801cdac   0x00000022   Code   RO         9139    i.LSM6DSM_X_Get_Single_Tap_Detection_Status  lsm6dsm_acc_gyro_driver_hl.o
    0x0801cdce   0x00000010   Code   RO         9140    i.LSM6DSM_X_Get_Step_Count  lsm6dsm_acc_gyro_driver_hl.o
    0x0801cdde   0x00000022   Code   RO         9141    i.LSM6DSM_X_Get_Tilt_Detection_Status  lsm6dsm_acc_gyro_driver_hl.o
    0x0801ce00   0x00000022   Code   RO         9142    i.LSM6DSM_X_Get_Wake_Up_Detection_Status  lsm6dsm_acc_gyro_driver_hl.o
    0x0801ce22   0x00000010   Code   RO         9143    i.LSM6DSM_X_Get_WhoAmI  lsm6dsm_acc_gyro_driver_hl.o
    0x0801ce32   0x00000002   PAD
    0x0801ce34   0x00000064   Code   RO         9144    i.LSM6DSM_X_Init    lsm6dsm_acc_gyro_driver_hl.o
    0x0801ce98   0x00000030   Code   RO         9145    i.LSM6DSM_X_Sensor_Disable  lsm6dsm_acc_gyro_driver_hl.o
    0x0801cec8   0x00000028   Code   RO         9146    i.LSM6DSM_X_Sensor_Enable  lsm6dsm_acc_gyro_driver_hl.o
    0x0801cef0   0x00000022   Code   RO         9147    i.LSM6DSM_X_Set_FS  lsm6dsm_acc_gyro_driver_hl.o
    0x0801cf12   0x0000003c   Code   RO         9148    i.LSM6DSM_X_Set_FS_Value  lsm6dsm_acc_gyro_driver_hl.o
    0x0801cf4e   0x00000010   Code   RO         9149    i.LSM6DSM_X_Set_Free_Fall_Threshold  lsm6dsm_acc_gyro_driver_hl.o
    0x0801cf5e   0x00000002   PAD
    0x0801cf60   0x0000006c   Code   RO         9150    i.LSM6DSM_X_Set_ODR  lsm6dsm_acc_gyro_driver_hl.o
    0x0801cfcc   0x000000f8   Code   RO         9151    i.LSM6DSM_X_Set_ODR_Value  lsm6dsm_acc_gyro_driver_hl.o
    0x0801d0c4   0x000000b4   Code   RO         9152    i.LSM6DSM_X_Set_ODR_Value_When_Enabled  lsm6dsm_acc_gyro_driver_hl.o
    0x0801d178   0x00000010   Code   RO         9153    i.LSM6DSM_X_Set_Pedometer_Threshold  lsm6dsm_acc_gyro_driver_hl.o
    0x0801d188   0x00000010   Code   RO         9154    i.LSM6DSM_X_Set_Tap_Duration_Time  lsm6dsm_acc_gyro_driver_hl.o
    0x0801d198   0x00000010   Code   RO         9155    i.LSM6DSM_X_Set_Tap_Quiet_Time  lsm6dsm_acc_gyro_driver_hl.o
    0x0801d1a8   0x00000010   Code   RO         9156    i.LSM6DSM_X_Set_Tap_Shock_Time  lsm6dsm_acc_gyro_driver_hl.o
    0x0801d1b8   0x00000010   Code   RO         9157    i.LSM6DSM_X_Set_Tap_Threshold  lsm6dsm_acc_gyro_driver_hl.o
    0x0801d1c8   0x00000010   Code   RO         9158    i.LSM6DSM_X_Set_Wake_Up_Threshold  lsm6dsm_acc_gyro_driver_hl.o
    0x0801d1d8   0x00000006   Code   RO         1243    i.LedOffTargetPlatform  targetplatform.o
    0x0801d1de   0x00000006   Code   RO         1244    i.LedOnTargetPlatform  targetplatform.o
    0x0801d1e4   0x00000560   Code   RO          471    i.LicenseParsingConsoleCommand  licensemanager.o
    0x0801d744   0x00000114   Code   RO          472    i.LicensesStatus    licensemanager.o
    0x0801d858   0x00000002   Code   RO         1145    i.MemManage_Handler  stm32l4xx_it.o
    0x0801d85a   0x00000002   PAD
    0x0801d85c   0x0000005c   Code   RO          686    i.MotionAR_License_init  motionar_manager.o
    0x0801d8b8   0x00000028   Code   RO          687    i.MotionAR_manager_init  motionar_manager.o
    0x0801d8e0   0x00000058   Code   RO          688    i.MotionAR_manager_run  motionar_manager.o
    0x0801d938   0x00000054   Code   RO          730    i.MotionCP_License_init  motioncp_manager.o
    0x0801d98c   0x00000028   Code   RO          731    i.MotionCP_manager_init  motioncp_manager.o
    0x0801d9b4   0x00000058   Code   RO          732    i.MotionCP_manager_run  motioncp_manager.o
    0x0801da0c   0x00000054   Code   RO          774    i.MotionFX_License_init  motionfx_manager.o
    0x0801da60   0x00000008   Code   RO          776    i.MotionFX_manager_getDataOUT  motionfx_manager.o
    0x0801da68   0x000000ac   Code   RO          777    i.MotionFX_manager_init  motionfx_manager.o
    0x0801db14   0x00000004   PAD
    0x0801db18   0x00000150   Code   RO          778    i.MotionFX_manager_run  motionfx_manager.o
    0x0801dc68   0x00000006   Code   RO          780    i.MotionFX_manager_start_9X  motionfx_manager.o
    0x0801dc6e   0x00000002   PAD
    0x0801dc70   0x0000005c   Code   RO          854    i.MotionGR_License_init  motiongr_manager.o
    0x0801dccc   0x00000028   Code   RO          855    i.MotionGR_manager_init  motiongr_manager.o
    0x0801dcf4   0x00000058   Code   RO          856    i.MotionGR_manager_run  motiongr_manager.o
    0x0801dd4c   0x0000005c   Code   RO         1294    i.MotionPM_License_init  motionpm_manager.o
    0x0801dda8   0x0000000c   Code   RO         1295    i.MotionPM_manager_init  motionpm_manager.o
    0x0801ddb4   0x00000054   Code   RO         1296    i.MotionPM_manager_run  motionpm_manager.o
    0x0801de08   0x00000002   Code   RO         1146    i.NMI_Handler       stm32l4xx_it.o
    0x0801de0a   0x00000004   Code   RO         2303    i.Osal_MemCpy       osal.o
    0x0801de0e   0x00000004   Code   RO         2304    i.Osal_MemSet       osal.o
    0x0801de12   0x00000002   Code   RO         1147    i.PendSV_Handler    stm32l4xx_it.o
    0x0801de14   0x00000100   Code   RO          951    i.Quat_Update       sensor_service.o
    0x0801df14   0x000000ac   Code   RO         4487    i.RCCEx_PLLSAI1_ConfigNP  stm32l4xx_hal_rcc_ex.o
    0x0801dfc0   0x000000b4   Code   RO         4488    i.RCCEx_PLLSAI1_ConfigNQ  stm32l4xx_hal_rcc_ex.o
    0x0801e074   0x000000ac   Code   RO         4489    i.RCCEx_PLLSAI2_ConfigNP  stm32l4xx_hal_rcc_ex.o
    0x0801e120   0x00000080   Code   RO         4381    i.RCC_SetFlashLatencyFromMSIRange  stm32l4xx_hal_rcc.o
    0x0801e1a0   0x000002c8   Code   RO          952    i.Read_Request_CB   sensor_service.o
    0x0801e468   0x00000050   Code   RO          589    i.ResetCalibrationInMemory  main.o
    0x0801e4b8   0x00000014   Code   RO          336    i.ResetHWPedometer  hwadvancefeatures.o
    0x0801e4cc   0x00000044   Code   RO          473    i.ResetLicensesStatus  licensemanager.o
    0x0801e510   0x00000030   Code   RO         5027    i.SPI_EndRxTxTransaction  stm32l4xx_hal_spi.o
    0x0801e540   0x000000ae   Code   RO         5034    i.SPI_WaitFifoStateUntilTimeout  stm32l4xx_hal_spi.o
    0x0801e5ee   0x00000098   Code   RO         5035    i.SPI_WaitFlagStateUntilTimeout  stm32l4xx_hal_spi.o
    0x0801e686   0x00000002   Code   RO         1148    i.SVC_Handler       stm32l4xx_it.o
    0x0801e688   0x00000058   Code   RO          474    i.SaveLicensesStatus  licensemanager.o
    0x0801e6e0   0x0000000e   Code   RO        11481    i.Sensor_IO_I2C_Init  sensortile.o
    0x0801e6ee   0x00000002   PAD
    0x0801e6f0   0x00000058   Code   RO        11484    i.Sensor_IO_Read    sensortile.o
    0x0801e748   0x00000044   Code   RO        11485    i.Sensor_IO_SPI_CS_Disable  sensortile.o
    0x0801e78c   0x00000044   Code   RO        11486    i.Sensor_IO_SPI_CS_Enable  sensortile.o
    0x0801e7d0   0x000000e0   Code   RO        11487    i.Sensor_IO_SPI_CS_Init  sensortile.o
    0x0801e8b0   0x000000c4   Code   RO        11488    i.Sensor_IO_SPI_CS_Init_All  sensortile.o
    0x0801e974   0x000000c0   Code   RO        11489    i.Sensor_IO_SPI_Init  sensortile.o
    0x0801ea34   0x000000b8   Code   RO        11490    i.Sensor_IO_SPI_Read  sensortile.o
    0x0801eaec   0x00000078   Code   RO        11491    i.Sensor_IO_SPI_Write  sensortile.o
    0x0801eb64   0x00000058   Code   RO        11492    i.Sensor_IO_Write   sensortile.o
    0x0801ebbc   0x0000003c   Code   RO          590    i.Set2GAccelerometerFullScale  main.o
    0x0801ebf8   0x0000003c   Code   RO          591    i.Set4GAccelerometerFullScale  main.o
    0x0801ec34   0x00000048   Code   RO          898    i.StartUpdateFWBlueMS  ota.o
    0x0801ec7c   0x00000068   Code   RO          953    i.Stderr_Update     sensor_service.o
    0x0801ece4   0x00000004   Code   RO         1149    i.SysTick_Handler   stm32l4xx_it.o
    0x0801ece8   0x0000004c   Code   RO         6490    i.SystemInit        system_stm32l4xx.o
    0x0801ed34   0x0000000c   Code   RO         1150    i.TIM1_CC_IRQHandler  stm32l4xx_it.o
    0x0801ed40   0x0000000c   Code   RO         1151    i.TIM4_IRQHandler   stm32l4xx_it.o
    0x0801ed4c   0x000000b8   Code   RO         5394    i.TIM_Base_SetConfig  stm32l4xx_hal_tim.o
    0x0801ee04   0x0000001a   Code   RO         5395    i.TIM_CCxChannelCmd  stm32l4xx_hal_tim.o
    0x0801ee1e   0x00000002   PAD
    0x0801ee20   0x000000a0   Code   RO         5402    i.TIM_OC1_SetConfig  stm32l4xx_hal_tim.o
    0x0801eec0   0x0000008c   Code   RO         5403    i.TIM_OC2_SetConfig  stm32l4xx_hal_tim.o
    0x0801ef4c   0x0000008c   Code   RO         5404    i.TIM_OC3_SetConfig  stm32l4xx_hal_tim.o
    0x0801efd8   0x00000066   Code   RO         5405    i.TIM_OC4_SetConfig  stm32l4xx_hal_tim.o
    0x0801f03e   0x00000002   PAD
    0x0801f040   0x00000068   Code   RO          954    i.Term_Update       sensor_service.o
    0x0801f0a8   0x0000001c   Code   RO         2267    i.Timer_Expired     gp_timer.o
    0x0801f0c4   0x0000000e   Code   RO         2271    i.Timer_Set         gp_timer.o
    0x0801f0d2   0x00000002   PAD
    0x0801f0d4   0x0000015a   Code   RO          899    i.UpdateFWBlueMS    ota.o
    0x0801f22e   0x00000002   Code   RO         1152    i.UsageFault_Handler  stm32l4xx_it.o
    0x0801f230   0x00000020   Code   RO        13122    i.__0printf$8       mc_w.l(printf8.o)
    0x0801f250   0x00000028   Code   RO        13124    i.__0sprintf$8      mc_w.l(printf8.o)
    0x0801f278   0x0000000a   Code   RO        12769    i.__ARM_common_memclr4_9  osxMotionFX107_CM4_Keil_ot.lib(osx_motion_fx.o)
    0x0801f282   0x00000012   Code   RO        12767    i.__ARM_common_memset4_12  osxMotionFX107_CM4_Keil_ot.lib(osx_motion_fx.o)
    0x0801f294   0x00000030   Code   RO        13216    i.__ARM_fpclassify  m_wm.l(fpclassify.o)
    0x0801f2c4   0x00000008   Code   RO        13246    i.__aeabi_errno_addr  mc_w.l(errno.o)
    0x0801f2cc   0x00000004   PAD
    0x0801f2d0   0x00000384   Code   RO        12795    i.__hardfp_asin     m_wm.l(asin.o)
    0x0801f654   0x00000004   PAD
    0x0801f658   0x000002d8   Code   RO        12809    i.__hardfp_atan     m_wm.l(atan.o)
    0x0801f930   0x000001f0   Code   RO        12823    i.__hardfp_atan2    m_wm.l(atan2.o)
    0x0801fb20   0x00000014   Code   RO        12835    i.__hardfp_fabs     m_wm.l(fabs.o)
    0x0801fb34   0x00000004   PAD
    0x0801fb38   0x00000118   Code   RO        12841    i.__hardfp_floor    m_wm.l(floor.o)
    0x0801fc50   0x00000074   Code   RO        12847    i.__hardfp_fmax     m_wm.l(fmax.o)
    0x0801fcc4   0x00000004   PAD
    0x0801fcc8   0x00000c80   Code   RO        12851    i.__hardfp_pow      m_wm.l(pow.o)
    0x08020948   0x0000007a   Code   RO        12865    i.__hardfp_sqrt     m_wm.l(sqrt.o)
    0x080209c2   0x000000f8   Code   RO        13218    i.__kernel_poly     m_wm.l(poly.o)
    0x08020aba   0x00000006   PAD
    0x08020ac0   0x00000030   Code   RO        13202    i.__mathlib_dbl_divzero  m_wm.l(dunder.o)
    0x08020af0   0x00000014   Code   RO        13203    i.__mathlib_dbl_infnan  m_wm.l(dunder.o)
    0x08020b04   0x00000014   Code   RO        13204    i.__mathlib_dbl_infnan2  m_wm.l(dunder.o)
    0x08020b18   0x00000020   Code   RO        13205    i.__mathlib_dbl_invalid  m_wm.l(dunder.o)
    0x08020b38   0x00000020   Code   RO        13206    i.__mathlib_dbl_overflow  m_wm.l(dunder.o)
    0x08020b58   0x00000020   Code   RO        13208    i.__mathlib_dbl_underflow  m_wm.l(dunder.o)
    0x08020b78   0x0000000e   Code   RO        13306    i.__scatterload_copy  mc_w.l(handlers.o)
    0x08020b86   0x00000002   Code   RO        13307    i.__scatterload_null  mc_w.l(handlers.o)
    0x08020b88   0x0000000e   Code   RO        13308    i.__scatterload_zeroinit  mc_w.l(handlers.o)
    0x08020b96   0x00000002   PAD
    0x08020b98   0x0000000c   Code   RO        13248    i.__set_errno       mc_w.l(errno.o)
    0x08020ba4   0x00000416   Code   RO        13129    i._printf_core      mc_w.l(printf8.o)
    0x08020fba   0x00000024   Code   RO        13130    i._printf_post_padding  mc_w.l(printf8.o)
    0x08020fde   0x0000002e   Code   RO        13131    i._printf_pre_padding  mc_w.l(printf8.o)
    0x0802100c   0x0000000a   Code   RO        13133    i._sputc            mc_w.l(printf8.o)
    0x08021016   0x00000070   Code   RO         1619    i.aci_gap_init_IDB04A1  bluenrg_gap_aci.o
    0x08021086   0x00000078   Code   RO         1620    i.aci_gap_init_IDB05A1  bluenrg_gap_aci.o
    0x080210fe   0x0000007e   Code   RO         1626    i.aci_gap_set_auth_requirement  bluenrg_gap_aci.o
    0x0802117c   0x000000d2   Code   RO         1631    i.aci_gap_set_discoverable  bluenrg_gap_aci.o
    0x0802124e   0x0000005c   Code   RO         1651    i.aci_gap_update_adv_data  bluenrg_gap_aci.o
    0x080212aa   0x000000c2   Code   RO         1874    i.aci_gatt_add_char  bluenrg_gatt_aci.o
    0x0802136c   0x00000088   Code   RO         1876    i.aci_gatt_add_serv  bluenrg_gatt_aci.o
    0x080213f4   0x0000004a   Code   RO         1877    i.aci_gatt_allow_read  bluenrg_gatt_aci.o
    0x0802143e   0x0000003e   Code   RO         1890    i.aci_gatt_init     bluenrg_gatt_aci.o
    0x0802147c   0x00000088   Code   RO         1903    i.aci_gatt_update_char_value  bluenrg_gatt_aci.o
    0x08021504   0x0000004c   Code   RO         2133    i.aci_hal_set_tx_power_level  bluenrg_hal_aci.o
    0x08021550   0x00000062   Code   RO         2168    i.aci_l2cap_connection_parameter_update_request  bluenrg_l2cap_aci.o
    0x080215b2   0x00000010   Code   RO        12811    i.atan              m_wm.l(atan.o)
    0x080215c2   0x00000018   Code   RO        12837    i.fabs              m_wm.l(fabs.o)
    0x080215da   0x00000012   Code   RO        13235    i.fputc             mc_w.l(fputc.o)
    0x080215ec   0x00000052   Code   RO         2330    i.getBlueNRGVersion  bluenrg_utils.o
    0x0802163e   0x00000082   Code   RO         1371    i.hci_le_read_local_version  hci.o
    0x080216c0   0x0000005a   Code   RO         1379    i.hci_le_set_random_address  hci.o
    0x0802171a   0x00000066   Code   RO         1382    i.hci_le_set_scan_resp_data  hci.o
    0x08021780   0x000001d4   Code   RO         1390    i.hci_send_req      hci.o
    0x08021954   0x00000006   Code   RO         2418    i.list_init_head    ble_list.o
    0x0802195a   0x00000018   Code   RO         2419    i.list_insert_head  ble_list.o
    0x08021972   0x00000018   Code   RO         2422    i.list_insert_tail  ble_list.o
    0x0802198a   0x00000018   Code   RO         2423    i.list_is_empty     ble_list.o
    0x080219a2   0x0000003c   Code   RO         2424    i.list_remove_head  ble_list.o
    0x080219de   0x00000002   PAD
    0x080219e0   0x00000ddc   Code   RO          592    i.main              main.o
    0x080227bc   0x00000030   Code   RO          955    i.safe_aci_gatt_update_char_value  sensor_service.o
    0x080227ec   0x00000120   Code   RO          956    i.setConnectable    sensor_service.o
    0x0802290c   0x0000006e   Code   RO        12867    i.sqrt              m_wm.l(sqrt.o)
    0x0802297a   0x00000002   PAD
    0x0802297c   0x00000004   Data   RO            7    .constdata          clock.o
    0x08022980   0x00000040   Data   RO         6491    .constdata          system_stm32l4xx.o
    0x080229c0   0x00000060   Data   RO         7634    .constdata          lsm303agr_acc_driver.o
    0x08022a20   0x00000008   Data   RO        11494    .constdata          sensortile.o
    0x08022a28   0x00000280   Data   RO        12764    .constdata          osxMotionFX107_CM4_Keil_ot.lib(osx_motion_fx.o)
    0x08022ca8   0x00000033   Data   RO        12773    .constdata          osxMotionAR120_CM4F_keil_ot.lib(osx_motion_ar.o)
    0x08022cdb   0x00000001   PAD
    0x08022cdc   0x00000033   Data   RO        12778    .constdata          osxMotionCP100_CM4F_Keil_ot.lib(osx_motion_cp.o)
    0x08022d0f   0x00000001   PAD
    0x08022d10   0x00000033   Data   RO        12783    .constdata          osxMotionGR100_CM4F_Keil_ot.lib(osx_motion_gr.o)
    0x08022d43   0x00000005   PAD
    0x08022d48   0x00000303   Data   RO        12788    .constdata          osxMotionPM100_CM4F_Keil_ot.lib(osx_motion_pm.o)
    0x0802304b   0x00000005   PAD
    0x08023050   0x00000050   Data   RO        12798    .constdata          m_wm.l(asin.o)
    0x080230a0   0x00000098   Data   RO        12812    .constdata          m_wm.l(atan.o)
    0x08023138   0x00000088   Data   RO        12854    .constdata          m_wm.l(pow.o)
    0x080231c0   0x00000008   Data   RO        13220    .constdata          m_wm.l(qnan.o)
    0x080231c8   0x00000081   Data   RO        13272    .constdata          mc_w.l(ctype_o.o)
    0x08023249   0x00000003   PAD
    0x0802324c   0x00000004   Data   RO        13273    .constdata          mc_w.l(ctype_o.o)
    0x08023250   0x000000ce   Data   RO          958    .conststring        sensor_service.o
    0x0802331e   0x00000002   PAD
    0x08023320   0x00000020   Data   RO        13304    Region$$Table       anon$$obj.o


    Execution Region RW_IRAM2 (Base: 0x10000000, Size: 0x00000000, Max: 0x00008000, ABSOLUTE, UNINIT)

    **** No section assigned to this execution region ****


    Execution Region RW_IRAM1 (Base: 0x20000000, Size: 0x0000f778, Max: 0x00018000, ABSOLUTE, COMPRESSED[0x00000440])

    Base Addr    Size         Type   Attr      Idx    E Section Name        Object

    0x20000000   0x00000008   Data   RW          337    .data               hwadvancefeatures.o
    0x20000008   0x00000010   Data   RW          476    .data               licensemanager.o
    0x20000018   0x00000060   Data   RW          594    .data               main.o
    0x20000078   0x00000001   Data   RW          690    .data               motionar_manager.o
    0x20000079   0x00000001   Data   RW          734    .data               motioncp_manager.o
    0x2000007a   0x00000002   PAD
    0x2000007c   0x00000008   Data   RW          784    .data               motionfx_manager.o
    0x20000084   0x00000001   Data   RW          858    .data               motiongr_manager.o
    0x20000085   0x00000003   PAD
    0x20000088   0x0000000c   Data   RW          900    .data               ota.o
    0x20000094   0x00000038   Data   RW          959    .data               sensor_service.o
    0x200000cc   0x00000008   Data   RW         1298    .data               motionpm_manager.o
    0x200000d4   0x00000014   Data   RW         1394    .data               hci.o
    0x200000e8   0x00000004   Data   RW         2537    .data               stm32l4xx_hal.o
    0x200000ec   0x00000004   Data   RW         6493    .data               system_stm32l4xx.o
    0x200000f0   0x00000028   Data   RW         6777    .data               hts221_driver_hl.o
    0x20000118   0x00000028   Data   RW         6778    .data               hts221_driver_hl.o
    0x20000140   0x00000004   Data   RW         6779    .data               hts221_driver_hl.o
    0x20000144   0x00000028   Data   RW         7272    .data               lps22hb_driver_hl.o
    0x2000016c   0x00000028   Data   RW         7273    .data               lps22hb_driver_hl.o
    0x20000194   0x00000008   Data   RW         7275    .data               lps22hb_driver_hl.o
    0x2000019c   0x00000094   Data   RW         9159    .data               lsm6dsm_acc_gyro_driver_hl.o
    0x20000230   0x00000044   Data   RW         9160    .data               lsm6dsm_acc_gyro_driver_hl.o
    0x20000274   0x00000044   Data   RW         9161    .data               lsm6dsm_acc_gyro_driver_hl.o
    0x200002b8   0x00000002   Data   RW         9162    .data               lsm6dsm_acc_gyro_driver_hl.o
    0x200002ba   0x00000002   PAD
    0x200002bc   0x00000044   Data   RW        11283    .data               lsm303agr_acc_driver_hl.o
    0x20000300   0x00000002   Data   RW        11284    .data               lsm303agr_acc_driver_hl.o
    0x20000302   0x00000002   PAD
    0x20000304   0x0000003c   Data   RW        11386    .data               lsm303agr_mag_driver_hl.o
    0x20000340   0x00000010   Data   RW        11495    .data               sensortile.o
    0x20000350   0x00000010   Data   RW        11724    .data               sensortile_accelero.o
    0x20000360   0x00000010   Data   RW        12161    .data               sensortile_gyro.o
    0x20000370   0x0000000c   Data   RW        12306    .data               sensortile_humidity.o
    0x2000037c   0x0000000c   Data   RW        12421    .data               sensortile_magneto.o
    0x20000388   0x0000000c   Data   RW        12556    .data               sensortile_pressure.o
    0x20000394   0x00000008   Data   RW        12667    .data               sensortile_temperature.o
    0x2000039c   0x00000004   PAD
    0x200003a0   0x0000127c   Data   RW        12765    .data               osxMotionFX107_CM4_Keil_ot.lib(osx_motion_fx.o)
    0x2000161c   0x00000004   PAD
    0x20001620   0x0000012c   Data   RW        12774    .data               osxMotionAR120_CM4F_keil_ot.lib(osx_motion_ar.o)
    0x2000174c   0x00000004   PAD
    0x20001750   0x000002a8   Data   RW        12779    .data               osxMotionCP100_CM4F_Keil_ot.lib(osx_motion_cp.o)
    0x200019f8   0x00000148   Data   RW        12784    .data               osxMotionGR100_CM4F_Keil_ot.lib(osx_motion_gr.o)
    0x20001b40   0x00000010   Data   RW        12789    .data               osxMotionPM100_CM4F_Keil_ot.lib(osx_motion_pm.o)
    0x20001b50   0x00000004   Data   RW        12793    .data               osxMotionFX107_CM4_Keil_ot.lib(osxLibraryLocker100_CM4F_Keil.o)
    0x20001b54   0x00000004   Data   RW        12885    .data               mc_w.l(rand.o)
    0x20001b58   0x00000004   Data   RW        13237    .data               mc_w.l(stdout.o)
    0x20001b5c   0x00000004   Data   RW        13249    .data               mc_w.l(errno.o)
    0x20001b60   0x0000020c   Zero   RW          475    .bss                licensemanager.o
    0x20001d6c   0x00000190   Zero   RW          593    .bss                main.o
    0x20001efc   0x00000030   Zero   RW          689    .bss                motionar_manager.o
    0x20001f2c   0x00000030   Zero   RW          733    .bss                motioncp_manager.o
    0x20001f5c   0x00000100   Zero   RW          783    .bss                motionfx_manager.o
    0x2000205c   0x00000030   Zero   RW          857    .bss                motiongr_manager.o
    0x2000208c   0x00000028   Zero   RW          957    .bss                sensor_service.o
    0x200020b4   0x00000040   Zero   RW         1245    .bss                targetplatform.o
    0x200020f4   0x00000030   Zero   RW         1297    .bss                motionpm_manager.o
    0x20002124   0x000002bc   Zero   RW         1393    .bss                hci.o
    0x200023e0   0x0000001c   Zero   RW         3373    .bss                stm32l4xx_hal_flash.o
    0x200023fc   0x00000110   Zero   RW        11493    .bss                sensortile.o
    0x2000250c   0x00000038   Zero   RW        11723    .bss                sensortile_accelero.o
    0x20002544   0x00000064   Zero   RW        12051    .bss                sensortile_bluenrg.o
    0x200025a8   0x00000014   Zero   RW        12160    .bss                sensortile_gyro.o
    0x200025bc   0x00000014   Zero   RW        12305    .bss                sensortile_humidity.o
    0x200025d0   0x00000014   Zero   RW        12420    .bss                sensortile_magneto.o
    0x200025e4   0x00000014   Zero   RW        12555    .bss                sensortile_pressure.o
    0x200025f8   0x00000038   Zero   RW        12666    .bss                sensortile_temperature.o
    0x20002630   0x00000b34   Zero   RW        12763    .bss                osxMotionFX107_CM4_Keil_ot.lib(osx_motion_fx.o)
    0x20003164   0x00000509   Zero   RW        12772    .bss                osxMotionAR120_CM4F_keil_ot.lib(osx_motion_ar.o)
    0x2000366d   0x00000003   PAD
    0x20003670   0x00002a39   Zero   RW        12777    .bss                osxMotionCP100_CM4F_Keil_ot.lib(osx_motion_cp.o)
    0x200060a9   0x00000003   PAD
    0x200060ac   0x000007bb   Zero   RW        12782    .bss                osxMotionGR100_CM4F_Keil_ot.lib(osx_motion_gr.o)
    0x20006867   0x00000001   PAD
    0x20006868   0x00000e68   Zero   RW        12787    .bss                osxMotionPM100_CM4F_Keil_ot.lib(osx_motion_pm.o)
    0x200076d0   0x000000a8   Zero   RW        12792    .bss                osxMotionFX107_CM4_Keil_ot.lib(osxLibraryLocker100_CM4F_Keil.o)
    0x20007778   0x00008000   Zero   RW         1335    STACK               startup_stm32l476xx.o


==============================================================================

Image component sizes


      Code (inc. data)   RO Data    RW Data    ZI Data      Debug   Object Name

       138          0          0          0          0       9657   ble_list.o
       660          0          0          0          0       6926   bluenrg_gap_aci.o
       602          0          0          0          0       6815   bluenrg_gatt_aci.o
        76          0          0          0          0       1025   bluenrg_hal_aci.o
        98          0          0          0          0       1196   bluenrg_l2cap_aci.o
        82          0          0          0          0       2848   bluenrg_utils.o
         4          0          4          0          0     575231   clock.o
        42          0          0          0          0       2072   gp_timer.o
      1126         68          0         20        700      12147   hci.o
       974        192          0          0          0      10355   hts221_driver.o
       970         22          0         84          0      20258   hts221_driver_hl.o
      1376        160          0          8          0      14289   hwadvancefeatures.o
      2576        772          0         16        524      50643   licensemanager.o
       604          4          0          0          0      14734   lps22hb_driver.o
      1408        106          0         88          0      22972   lps22hb_driver_hl.o
       972          4         96          0          0      32837   lsm303agr_acc_driver.o
      1806        164          0         70          0      21515   lsm303agr_acc_driver_hl.o
       314          0          0          0          0      16816   lsm303agr_mag_driver.o
       668         30          0         60          0      14714   lsm303agr_mag_driver_hl.o
      2716          0          0          0          0      54354   lsm6dsm_acc_gyro_driver.o
      5248        496          0        286          0      68238   lsm6dsm_acc_gyro_driver_hl.o
      3994        536          0         96        400      20427   main.o
       220         30          0          1         48       2798   motionar_manager.o
       212         28          0          1         48       2807   motioncp_manager.o
       606         78          0          8        256       5212   motionfx_manager.o
       220         30          0          1         48       2820   motiongr_manager.o
       188         26          0          8         48       2716   motionpm_manager.o
         8          0          0          0          0       1556   osal.o
       418         28          0         12          0       2979   ota.o
      9552       1820        206         56         40      29078   sensor_service.o
      1730        154          8         16        272      16479   sensortile.o
      1326         44          0         16         56      35930   sensortile_accelero.o
       942         92          0          0        100       9564   sensortile_bluenrg.o
       240         16          0         16         20       4209   sensortile_gyro.o
       232         16          0         12         20       5061   sensortile_humidity.o
       240         18          0         12         20       4274   sensortile_magneto.o
       300         16          0         12         20       5147   sensortile_pressure.o
       470         34          0          8         56       6154   sensortile_temperature.o
        36          8        392          0      32768        876   startup_stm32l476xx.o
       100         22          0          4          0       5369   stm32l4xx_hal.o
       268         28          0          0          0      32100   stm32l4xx_hal_cortex.o
       452          4          0          0          0       5095   stm32l4xx_hal_crc.o
        78          0          0          0          0       1471   stm32l4xx_hal_crc_ex.o
       614         44          0          0         28       5474   stm32l4xx_hal_flash.o
       340         12          0          0          0       3483   stm32l4xx_hal_flash_ex.o
       590         20          0          0          0       4498   stm32l4xx_hal_gpio.o
      1658         22          0          0          0      15804   stm32l4xx_hal_i2c.o
       196         18          0          0          0       3110   stm32l4xx_hal_msp.o
        16          4          0          0          0        643   stm32l4xx_hal_pwr.o
        32         10          0          0          0       1325   stm32l4xx_hal_pwr_ex.o
      2368         78          0          0          0       7327   stm32l4xx_hal_rcc.o
      1876         30          0          0          0       7295   stm32l4xx_hal_rcc_ex.o
      1270          0          0          0          0       6904   stm32l4xx_hal_spi.o
      1630         72          0          0          0      16013   stm32l4xx_hal_tim.o
       330         20          0          0          0       3705   stm32l4xx_hal_tim_ex.o
        56         12          0          0          0       6897   stm32l4xx_it.o
        76         18         64          4          0       1453   system_stm32l4xx.o
       408         20          0          0         64       6056   targetplatform.o

    ----------------------------------------------------------------------
     55848       5430        804        928      35536    1251751   Object Totals
         0          0         32          0          0          0   (incl. Generated)
        96          4          2         13          0          0   (incl. Padding)

    ----------------------------------------------------------------------

      Code (inc. data)   RO Data    RW Data    ZI Data      Debug   Library Member Name

       900         94         80          0          0        280   asin.o
       744        106        152          0          0        352   atan.o
       496         64          0          0          0        192   atan2.o
       184         44          0          0          0        744   dunder.o
        44          0          0          0          0        248   fabs.o
       280         28          0          0          0        156   floor.o
       116          0          0          0          0        164   fmax.o
        48          0          0          0          0        124   fpclassify.o
       248          0          0          0          0        152   poly.o
      3200        296        136          0          0        352   pow.o
         0          0          8          0          0          0   qnan.o
       232          0          0          0          0        296   sqrt.o
        86          0          0          0          0          0   __dczerorl2.o
        28          0          0          0          0         68   _chval.o
       164          0          0          0          0         92   _strtoul.o
        26          0          0          0          0         80   atoi.o
         8          4        133          0          0         68   ctype_o.o
         0          0          0          0          0          0   entry.o
         0          0          0          0          0          0   entry10a.o
         0          0          0          0          0          0   entry11a.o
         8          4          0          0          0          0   entry2.o
         4          0          0          0          0          0   entry5.o
         0          0          0          0          0          0   entry7b.o
         0          0          0          0          0          0   entry8b.o
         8          4          0          0          0          0   entry9a.o
        20         10          0          4          0        136   errno.o
        18          0          0          0          0         80   fputc.o
        30          0          0          0          0          0   handlers.o
        36          8          0          0          0         68   init.o
         0          0          0          0          0          0   iusefp.o
         0          0          0          0          0          0   iusesemip.o
        98          0          0          0          0         84   ldiv.o
        30          0          0          0          0         68   llshl.o
        36          0          0          0          0         68   llsshr.o
        32          0          0          0          0         68   llushr.o
        66          0          0          0          0         76   memmove.o
        36          0          0          0          0        108   memseta.o
      1210         60          0          0          0        504   printf8.o
        36         10          0          4          0        136   rand.o
         0          0          0          0          0          0   semi.o
         0          0          0          4          0          0   stdout.o
        18          0          0          0          0         68   strcpy.o
        14          0          0          0          0         68   strlen.o
        30          0          0          0          0         80   strncmp.o
       112          0          0          0          0         88   strtol.o
       104          0          0          0          0         92   uldiv.o
        48          0          0          0          0         68   cdcmple.o
        48          0          0          0          0         68   cdrcmple.o
        56          0          0          0          0         88   d2f.o
       350          0          0          0          0        148   dadd.o
        96          0          0          0          0         80   dcmp4.o
       222          0          0          0          0        100   ddiv.o
       186          0          0          0          0        176   depilogue.o
        62          0          0          0          0         80   dfixi.o
        50          0          0          0          0         76   dfixui.o
        34          0          0          0          0         76   dflti.o
        26          0          0          0          0         76   dfltui.o
       234          0          0          0          0         96   dmul.o
        46          0          0          0          0         80   dscalb.o
       162          0          0          0          0        100   dsqrt.o
        38          0          0          0          0         68   f2d.o
       110          0          0          0          0        168   fepilogue.o
      6062        850         51        300       1289        564   osx_motion_ar.o
      3760        242         51        680      10809        616   osx_motion_cp.o
       740         32          0          4        168        532   osxLibraryLocker100_CM4F_Keil.o
     35560        942        640       4732       2868       4036   osx_motion_fx.o
      6370        194         51        328       1979        860   osx_motion_gr.o
      6018        308        771         16       3688       1056   osx_motion_pm.o

    ----------------------------------------------------------------------
     69068       3304       2088       6080      20808      14372   Library Totals
        40          4         15          8          7          0   (incl. Padding)

    ----------------------------------------------------------------------

      Code (inc. data)   RO Data    RW Data    ZI Data      Debug   Library Name

      6492        632        376          0          0       3060   m_wm.l
      2258        100        133         12          0       2100   mc_w.l
      1768          0          0          0          0       1548   mf_w.l
      6062        850         51        300       1289        564   osxMotionAR120_CM4F_keil_ot.lib
      3760        242         51        680      10809        616   osxMotionCP100_CM4F_Keil_ot.lib
     36300        974        640       4736       3036       4568   osxMotionFX107_CM4_Keil_ot.lib
      6370        194         51        328       1979        860   osxMotionGR100_CM4F_Keil_ot.lib
      6018        308        771         16       3688       1056   osxMotionPM100_CM4F_Keil_ot.lib

    ----------------------------------------------------------------------
     69068       3304       2088       6080      20808      14372   Library Totals

    ----------------------------------------------------------------------

==============================================================================


      Code (inc. data)   RO Data    RW Data    ZI Data      Debug   

    124916       8734       2892       7008      56344    1205779   Grand Totals
    124916       8734       2892       1088      56344    1205779   ELF Image Totals (compressed)
    124916       8734       2892       1088          0          0   ROM Totals

==============================================================================

    Total RO  Size (Code + RO Data)               127808 ( 124.81kB)
    Total RW  Size (RW Data + ZI Data)             63352 (  61.87kB)
    Total ROM Size (Code + RO Data + RW Data)     128896 ( 125.88kB)

==============================================================================

