<html>
<body>
<pre>
<h1>µVision Build Log</h1>
<h2>Tool Versions:</h2>
IDE-Version: ¦ÌVision V5.17.0.0
Copyright (C) 2015 ARM Ltd and ARM Germany GmbH. All rights reserved.
License Information: 1 Microsoft, Microsoft, LIC=2TTNN-YVE5M-5AZDF-6Q0S7-3WTZL-TC2CH
 
Tool Versions:
Toolchain:       MDK-ARM Professional  Version: 5.17
Toolchain Path:  D:\Program Files (x86)\KEIL5\ARM\ARMCC\Bin
C Compiler:      Armcc.exe V5.06 update 1 (build 61)
Assembler:       Armasm.exe V5.06 update 1 (build 61)
Linker/Locator:  ArmLink.exe V5.06 update 1 (build 61)
Library Manager: ArmAr.exe V5.06 update 1 (build 61)
Hex Converter:   FromElf.exe V5.06 update 1 (build 61)
CPU DLL:         SARMCM3.DLL V5.17
Dialog DLL:      DCM.DLL V1.13.4.0
Target DLL:      STLink\ST-LINKIII-KEIL_SWO.dll V2.0.18.0
Dialog DLL:      TCM.DLL V1.14.6.0
 
<h2>Project:</h2>
E:\ST\SensorTile\BlueMicrosystem1_V3.0.0\Projects\Multi\Applications\BlueMicrosystem1\MDK-ARM\STM32L476RG-SensorTile\Project.uvprojx
Project File Date:  10/11/2016

<h2>Output:</h2>
*** Using Compiler 'V5.06 update 1 (build 61)', folder: 'D:\Program Files (x86)\KEIL5\ARM\ARMCC\Bin'
Build target 'BlueMicrosystem1_STM32L476RG_SensorTile'
compiling console.c...
compiling clock.c...
compiling HWAdvanceFeatures.c...
compiling LicenseManager.c...
compiling main.c...
compiling MotionAR_Manager.c...
compiling MotionCP_Manager.c...
compiling MotionFX_Manager.c...
compiling MotionGR_Manager.c...
compiling OTA.c...
compiling sensor_service.c...
compiling stm32l4xx_hal_msp.c...
compiling stm32l4xx_it.c...
compiling TargetPlatform.c...
compiling MotionPM_Manager.c...
assembling startup_stm32l476xx.s...
compiling bluenrg_itf_template.c...
compiling bluenrg_gap_aci.c...
compiling bluenrg_gatt_aci.c...
compiling bluenrg_l2cap_aci.c...
compiling bluenrg_hal_aci.c...
compiling gp_timer.c...
compiling bluenrg_updater_aci.c...
compiling hci.c...
compiling osal.c...
compiling stm32l4xx_hal.c...
compiling ble_list.c...
compiling bluenrg_utils.c...
compiling stm32l4xx_hal_cortex.c...
compiling stm32l4xx_hal_adc.c...
compiling stm32l4xx_hal_adc_ex.c...
compiling stm32l4xx_hal_crc.c...
compiling stm32l4xx_hal_crc_ex.c...
compiling stm32l4xx_hal_dma.c...
compiling stm32l4xx_hal_flash.c...
compiling stm32l4xx_hal_flash_ex.c...
compiling stm32l4xx_hal_i2c_ex.c...
compiling stm32l4xx_hal_gpio.c...
compiling stm32l4xx_hal_i2c.c...
compiling stm32l4xx_hal_pwr.c...
compiling stm32l4xx_hal_pwr_ex.c...
compiling stm32l4xx_hal_rcc.c...
compiling stm32l4xx_hal_rcc_ex.c...
compiling stm32l4xx_hal_rtc.c...
compiling stm32l4xx_hal_rtc_ex.c...
compiling stm32l4xx_hal_spi.c...
compiling stm32l4xx_hal_spi_ex.c...
compiling stm32l4xx_hal_tim.c...
compiling stm32l4xx_hal_uart.c...
compiling stm32l4xx_hal_tim_ex.c...
compiling HTS221_Driver.c...
compiling HTS221_Driver_HL.c...
compiling stm32l4xx_hal_uart_ex.c...
compiling system_stm32l4xx.c...
compiling LPS22HB_Driver.c...
compiling LPS22HB_Driver_HL.c...
compiling LSM303AGR_ACC_driver.c...
compiling LSM303AGR_MAG_driver.c...
compiling LSM6DSM_ACC_GYRO_driver_HL.c...
compiling LSM303AGR_ACC_driver_HL.c...
compiling LSM6DSM_ACC_GYRO_driver.c...
compiling LSM303AGR_MAG_driver_HL.c...
compiling SensorTile.c...
compiling SensorTile_BlueNRG.c...
compiling SensorTile_accelero.c...
compiling SensorTile_gyro.c...
compiling SensorTile_humidity.c...
compiling SensorTile_magneto.c...
compiling SensorTile_pressure.c...
compiling SensorTile_temperature.c...
linking...
.\STM32L476RG_NUCLEO\STM32L476RG_NUCLEO.axf: Warning: L6914W: option rwpi ignored when using --scatter.
.\STM32L476RG_NUCLEO\STM32L476RG_NUCLEO.axf: Warning: L6989W: Could not apply patch sdcomp-29491-629360 to instruction VPOP     {d8-d13} at offset 0x67bc, instruction is within an IT block and is not the last instruction for osx_motion_fx.o(.text).
Program Size: Code=124916 RO-data=2892 RW-data=7008 ZI-data=56344  
Finished: 0 information, 2 warning and 0 error messages.
FromELF: creating hex file...
After Build - User command #1: D:\Program Files (x86)\KEIL5\\ARM\ARMCC\bin\fromelf.exe --bin --output=STM32L476RG_NUCLEO.bin .\STM32L476RG_NUCLEO\STM32L476RG_NUCLEO.axf
".\STM32L476RG_NUCLEO\STM32L476RG_NUCLEO.axf" - 0 Error(s), 2 Warning(s).

<h2>Software Packages used:</h2>

Package Vendor: ARM
                http://www.keil.com/pack/ARM.CMSIS.4.5.0.pack
                ARM::CMSIS:CORE:4.3.0
                CMSIS (Cortex Microcontroller Software Interface Standard)
   * Component: CORE Version: 4.3.0

<h2>Collection of Component include folders:</h2>
  E:\ST\SensorTile\BlueMicrosystem1_V3.0.0\Projects\Multi\Applications\BlueMicrosystem1\MDK-ARM\STM32L476RG-SensorTile\RTE
  D:\Program Files (x86)\KEIL5\ARM\PACK\ARM\CMSIS\4.5.0\CMSIS\Include
  D:\Program Files (x86)\KEIL5\ARM\PACK\Keil\STM32L4xx_DFP\1.2.0\Device\Include

<h2>Collection of Component Files used:</h2>

   * Component: ARM::CMSIS:CORE:4.3.0
Build Time Elapsed:  00:03:28
</pre>
</body>
</html>
